Component: ARM Compiler 5.06 update 7 (build 960) Tool: armlink [4d3601]

==============================================================================

Section Cross References

    startup_at32f415cbt7.o(RESET) refers to startup_at32f415cbt7.o(STACK) for __initial_sp
    startup_at32f415cbt7.o(RESET) refers to startup_at32f415cbt7.o(.text) for Reset_Handler
    startup_at32f415cbt7.o(RESET) refers to at32f4xx_it.o(i.NMI_Handler) for NMI_Handler
    startup_at32f415cbt7.o(RESET) refers to at32f4xx_it.o(i.HardFault_Handler) for HardFault_Handler
    startup_at32f415cbt7.o(RESET) refers to at32f4xx_it.o(i.MemManage_Handler) for MemManage_Handler
    startup_at32f415cbt7.o(RESET) refers to at32f4xx_it.o(i.BusFault_Handler) for BusFault_Handler
    startup_at32f415cbt7.o(RESET) refers to at32f4xx_it.o(i.UsageFault_Handler) for UsageFault_Handler
    startup_at32f415cbt7.o(RESET) refers to at32f4xx_it.o(i.DebugMon_Handler) for DebugMon_Handler
    startup_at32f415cbt7.o(RESET) refers to os_cpu_a.o(CODE) for PendSV_Handler
    startup_at32f415cbt7.o(RESET) refers to delay.o(i.SysTick_Handler) for SysTick_Handler
    startup_at32f415cbt7.o(RESET) refers to timer.o(i.TMR3_GLOBAL_IRQHandler) for TMR3_GLOBAL_IRQHandler
    startup_at32f415cbt7.o(RESET) refers to timer.o(i.TMR4_GLOBAL_IRQHandler) for TMR4_GLOBAL_IRQHandler
    startup_at32f415cbt7.o(RESET) refers to uart1.o(i.USART1_IRQHandler) for USART1_IRQHandler
    startup_at32f415cbt7.o(RESET) refers to uart2.o(i.USART2_IRQHandler) for USART2_IRQHandler
    startup_at32f415cbt7.o(RESET) refers to 485_1.o(i.USART3_IRQHandler) for USART3_IRQHandler
    startup_at32f415cbt7.o(.text) refers to system_at32f4xx.o(i.SystemInit) for SystemInit
    startup_at32f415cbt7.o(.text) refers to entry.o(.ARM.Collect$$$$00000000) for __main
    at32f4xx_it.o(i.HardFault_Handler) refers to flashdispos.o(i.fal_partition_read) for fal_partition_read
    at32f4xx_it.o(i.HardFault_Handler) refers to flashdispos.o(i.fal_partition_write) for fal_partition_write
    at32f4xx_it.o(i.HardFault_Handler) refers to at32f4xx_it.o(.bss) for sijit123
    main.o(i.AppTaskCreate) refers to os_task.o(i.OSTaskCreate) for OSTaskCreate
    main.o(i.AppTaskCreate) refers to main.o(.bss) for AppTaskCardStk
    main.o(i.AppTaskCreate) refers to read_nuid.o(i.AppTaskCard) for AppTaskCard
    main.o(i.AppTaskCreate) refers to chtask.o(i.AppTaskCharge) for AppTaskCharge
    main.o(i.AppTaskCreate) refers to dwin_com_pro.o(i.AppTaskDwin) for AppTaskDwin
    main.o(i.AppTaskCreate) refers to 4gmain.o(i.AppTask4GMain) for AppTask4GMain
    main.o(i.AppTaskCreate) refers to 4grecv.o(i.AppTask4GRecv) for AppTask4GRecv
    main.o(i.AppTaskCreate) refers to 4gsend.o(i.AppTask4GSend) for AppTask4GSend
    main.o(i.AppTaskStart) refers to bsp.o(i.BSP_Init) for BSP_Init
    main.o(i.AppTaskStart) refers to at32_board.o(i.UART_Print_Init) for UART_Print_Init
    main.o(i.AppTaskStart) refers to cpu_core.o(i.CPU_Init) for CPU_Init
    main.o(i.AppTaskStart) refers to bsp.o(i.BSP_CPU_ClkFreq) for BSP_CPU_ClkFreq
    main.o(i.AppTaskStart) refers to os_cpu_c.o(i.OS_CPU_SysTickInit) for OS_CPU_SysTickInit
    main.o(i.AppTaskStart) refers to os_stat.o(i.OSStatTaskCPUUsageInit) for OSStatTaskCPUUsageInit
    main.o(i.AppTaskStart) refers to spi_flash.o(i.Spi_Flash_Io_Init) for Spi_Flash_Io_Init
    main.o(i.AppTaskStart) refers to spi_flash.o(i.FLASH_Init) for FLASH_Init
    main.o(i.AppTaskStart) refers to ertc.o(i.ertc) for ertc
    main.o(i.AppTaskStart) refers to printf8.o(i.__0printf$8) for __2printf
    main.o(i.AppTaskStart) refers to delay.o(i.delay_init) for delay_init
    main.o(i.AppTaskStart) refers to device.o(i.Mcu_Io_Init) for Mcu_Io_Init
    main.o(i.AppTaskStart) refers to timer.o(i.TIM3_Int_Init) for TIM3_Int_Init
    main.o(i.AppTaskStart) refers to hlw8112-spi.o(i.Init_HLW8112) for Init_HLW8112
    main.o(i.AppTaskStart) refers to timer.o(i.TIM4_Int_Init) for TIM4_Int_Init
    main.o(i.AppTaskStart) refers to main.o(i.AppTaskCreate) for AppTaskCreate
    main.o(i.AppTaskStart) refers to main.o(i.IWDG_Config) for IWDG_Config
    main.o(i.AppTaskStart) refers to at32f4xx_iwdg.o(i.IWDG_ReloadCounter) for IWDG_ReloadCounter
    main.o(i.AppTaskStart) refers to os_time.o(i.OSTimeDly) for OSTimeDly
    main.o(i.AppTaskStart) refers to ertc.o(i.ERTC_TimeShow) for ERTC_TimeShow
    main.o(i.AppTaskStart) refers to os_cfg_app.o(.constdata) for OSCfg_TickRate_Hz
    main.o(i.AppTaskStart) refers to main.o(.data) for reststae
    main.o(i.AppTaskStart) refers to main.o(.bss) for OnlyMCUID
    main.o(i.AppTaskStart) refers to ertc.o(.data) for ERTC_DateStructure
    main.o(i.IWDG_Config) refers to at32f4xx_iwdg.o(i.IWDG_KeyRegWrite) for IWDG_KeyRegWrite
    main.o(i.IWDG_Config) refers to at32f4xx_iwdg.o(i.IWDG_SetPrescaler) for IWDG_SetPrescaler
    main.o(i.IWDG_Config) refers to at32f4xx_iwdg.o(i.IWDG_SetReload) for IWDG_SetReload
[...]
    Uart1RecvControl                         0x20005bb0   Data         396  uart1.o(.bss)
    Uart2RecvControl                         0x20005d3c   Data          56  uart2.o(.bss)
    RECODECONTROL                            0x20005d74   Data         384  dwin_com_pro.o(.bss)
    Recorddisplay_info                       0x20005ef4   Data         124  dwin_com_pro.o(.bss)
    contrast_CardNum                         0x20005f70   Data         124  dwin_com_pro.o(.bss)
    RecordInfo                               0x20005fec   Data         124  dwin_com_pro.o(.bss)
    SaveRecordinfo                           0x20006068   Data         124  dwin_com_pro.o(.bss)
    ChargeInfo                               0x200060e4   Data          12  dwin_com_pro.o(.bss)
    ChargeInfo38                             0x200060f0   Data          16  dwin_com_pro.o(.bss)
    DisSysConfigInfo                         0x20006100   Data          39  dwin_com_pro.o(.bss)
    Billbuf                                  0x20006127   Data         300  dwin_com_pro.o(.bss)
    stChRate                                 0x20006253   Data          81  dwin_com_pro.o(.bss)
    stChRateA                                0x200062a4   Data          81  dwin_com_pro.o(.bss)
    DChargeInfo                              0x200062f5   Data         484  dwin_com_pro.o(.bss)
    DwinMq                                   0x200064dc   Data          48  dwin_com_pro.o(.bss)
    m1_card_info                             0x2000666c   Data          64  read_nuid.o(.bss)
    M1Control                                0x200066ac   Data          12  read_nuid.o(.bss)
    Card_ID                                  0x200066b8   Data          10  read_nuid.o(.bss)
    OSCfg_IdleTaskStk                        0x200066e0   Data         512  os_cfg_app.o(.bss)
    OSCfg_ISRStk                             0x200068e0   Data         512  os_cfg_app.o(.bss)
    OSCfg_MsgPool                            0x20006ae0   Data         800  os_cfg_app.o(.bss)
    OSCfg_StatTaskStk                        0x20006e00   Data         512  os_cfg_app.o(.bss)
    OSCfg_TickTaskStk                        0x20007000   Data         512  os_cfg_app.o(.bss)
    OSCfg_TmrTaskStk                         0x20007200   Data         512  os_cfg_app.o(.bss)
    OSIdleTaskTCB                            0x20007400   Data         184  os_var.o(.bss)
    OSMsgPool                                0x200074b8   Data          12  os_var.o(.bss)
    OSRdyList                                0x200074c4   Data         768  os_var.o(.bss)
    OSStatTaskTCB                            0x200077c4   Data         184  os_var.o(.bss)
    OSTickTaskTCB                            0x2000787c   Data         184  os_var.o(.bss)
    OSTmrMutex                               0x20007934   Data          44  os_var.o(.bss)
    OSTmrTaskTCB                             0x20007960   Data         184  os_var.o(.bss)
    CPU_Name                                 0x20007a18   Data          16  cpu_core.o(.bss)
    __initial_sp                             0x20007e28   Data           0  startup_at32f415cbt7.o(STACK)



==============================================================================

Memory Map of the image

  Image Entry point : 0x08000171

  Load Region LR_IROM1 (Base: 0x08000000, Size: 0x00014018, Max: 0x00020000, ABSOLUTE, COMPRESSED[0x00013aec])

    Execution Region ER_IROM1 (Exec base: 0x08000000, Load base: 0x08000000, Size: 0x000138ec, Max: 0x00020000, ABSOLUTE)

    Exec Addr    Load Addr    Size         Type   Attr      Idx    E Section Name        Object

    0x08000000   0x08000000   0x00000170   Data   RO            3    RESET               startup_at32f415cbt7.o
    0x08000170   0x08000170   0x00000000   Code   RO        10528  * .ARM.Collect$$$$00000000  mc_w.l(entry.o)
    0x08000170   0x08000170   0x00000004   Code   RO        10846    .ARM.Collect$$$$00000001  mc_w.l(entry2.o)
    0x08000174   0x08000174   0x00000004   Code   RO        10849    .ARM.Collect$$$$00000004  mc_w.l(entry5.o)
    0x08000178   0x08000178   0x00000000   Code   RO        10851    .ARM.Collect$$$$00000008  mc_w.l(entry7b.o)
    0x08000178   0x08000178   0x00000000   Code   RO        10853    .ARM.Collect$$$$0000000A  mc_w.l(entry8b.o)
    0x08000178   0x08000178   0x00000008   Code   RO        10854    .ARM.Collect$$$$0000000B  mc_w.l(entry9a.o)
    0x08000180   0x08000180   0x00000004   Code   RO        10861    .ARM.Collect$$$$0000000E  mc_w.l(entry12b.o)
    0x08000184   0x08000184   0x00000000   Code   RO        10856    .ARM.Collect$$$$0000000F  mc_w.l(entry10a.o)
    0x08000184   0x08000184   0x00000000   Code   RO        10858    .ARM.Collect$$$$00000011  mc_w.l(entry11a.o)
    0x08000184   0x08000184   0x00000004   Code   RO        10847    .ARM.Collect$$$$00002712  mc_w.l(entry2.o)
    0x08000188   0x08000188   0x00000024   Code   RO            4    .text               startup_at32f415cbt7.o
    0x080001ac   0x080001ac   0x00000034   Code   RO        10477    .text               cpu_a.o
    0x080001e0   0x080001e0   0x00000062   Code   RO        10531    .text               mc_w.l(uldiv.o)
    0x08000242   0x08000242   0x00000024   Code   RO        10533    .text               mc_w.l(memcpya.o)
    0x08000266   0x08000266   0x00000024   Code   RO        10535    .text               mc_w.l(memseta.o)
    0x0800028a   0x0800028a   0x00000024   Code   RO        10537    .text               mc_w.l(strstr.o)
    0x080002ae   0x080002ae   0x0000000e   Code   RO        10539    .text               mc_w.l(strlen.o)
    0x080002bc   0x080002bc   0x0000001e   Code   RO        10541    .text               mc_w.l(strncmp.o)
    0x080002da   0x080002da   0x00000002   PAD
    0x080002dc   0x080002dc   0x00000044   Code   RO        10543    .text               mc_w.l(strtok.o)
    0x08000320   0x08000320   0x0000001a   Code   RO        10812    .text               mc_w.l(atoi.o)
    0x0800033a   0x0800033a   0x000000b0   Code   RO        10814    .text               mf_w.l(fadd.o)
    0x080003ea   0x080003ea   0x00000064   Code   RO        10816    .text               mf_w.l(fmul.o)
    0x0800044e   0x0800044e   0x0000007c   Code   RO        10818    .text               mf_w.l(fdiv.o)
    0x080004ca   0x080004ca   0x0000014e   Code   RO        10820    .text               mf_w.l(dadd.o)
    0x08000618   0x08000618   0x000000e4   Code   RO        10822    .text               mf_w.l(dmul.o)
    0x080006fc   0x080006fc   0x0000000a   Code   RO        10824    .text               mf_w.l(ffltui.o)
    0x08000706   0x08000706   0x0000001a   Code   RO        10828    .text               mf_w.l(dfltui.o)
    0x08000720   0x08000720   0x00000028   Code   RO        10830    .text               mf_w.l(ffixui.o)
    0x08000748   0x08000748   0x00000032   Code   RO        10832    .text               mf_w.l(dfixui.o)
    0x0800077a   0x0800077a   0x00000026   Code   RO        10834    .text               mf_w.l(f2d.o)
    0x080007a0   0x080007a0   0x00000030   Code   RO        10836    .text               mf_w.l(cdcmple.o)
    0x080007d0   0x080007d0   0x00000030   Code   RO        10838    .text               mf_w.l(cdrcmple.o)
    0x08000800   0x08000800   0x00000014   Code   RO        10842    .text               mf_w.l(cfcmple.o)
    0x08000814   0x08000814   0x00000014   Code   RO        10844    .text               mf_w.l(cfrcmple.o)
    0x08000828   0x08000828   0x0000001e   Code   RO        10864    .text               mc_w.l(llshl.o)
    0x08000846   0x08000846   0x00000020   Code   RO        10866    .text               mc_w.l(llushr.o)
    0x08000866   0x08000866   0x00000024   Code   RO        10868    .text               mc_w.l(llsshr.o)
    0x0800088a   0x0800088a   0x00000070   Code   RO        10877    .text               mc_w.l(strtol.o)
    0x080008fa   0x080008fa   0x00000000   Code   RO        10879    .text               mc_w.l(iusefp.o)
    0x080008fa   0x080008fa   0x0000006e   Code   RO        10880    .text               mf_w.l(fepilogue.o)
    0x08000968   0x08000968   0x000000ba   Code   RO        10882    .text               mf_w.l(depilogue.o)
    0x08000a22   0x08000a22   0x00000002   PAD
    0x08000a24   0x08000a24   0x00000024   Code   RO        10888    .text               mc_w.l(init.o)
    0x08000a48   0x08000a48   0x00000008   Code   RO        10890    .text               mc_w.l(ctype_o.o)
    0x08000a50   0x08000a50   0x0000009e   Code   RO        10918    .text               mc_w.l(_strtoul.o)
    0x08000aee   0x08000aee   0x0000001c   Code   RO        10920    .text               mc_w.l(_chval.o)
    0x08000b0a   0x08000b0a   0x00000056   Code   RO        10930    .text               mc_w.l(__dczerorl2.o)
    0x08000b60   0x08000b60   0x00000098   Code   RO         8176    CODE                os_cpu_a.o
    0x08000bf8   0x08000bf8   0x00000016   Code   RO         4729    i.ADC_Ctrl          at32f4xx_adc.o
    0x08000c0e   0x08000c0e   0x00000016   Code   RO         4730    i.ADC_DMACtrl       at32f4xx_adc.o
    0x08000c24   0x08000c24   0x00000014   Code   RO         4736    i.ADC_GetCalibrationStatus  at32f4xx_adc.o
    0x08000c38   0x08000c38   0x00000014   Code   RO         4742    i.ADC_GetResetCalibrationStatus  at32f4xx_adc.o
    0x08000c4c   0x08000c4c   0x00000050   Code   RO         4746    i.ADC_Init          at32f4xx_adc.o
    0x08000c9c   0x08000c9c   0x000000b8   Code   RO         4750    i.ADC_RegularChannelConfig  at32f4xx_adc.o
    0x08000d54   0x08000d54   0x0000000a   Code   RO         4752    i.ADC_RstCalibration  at32f4xx_adc.o
    0x08000d5e   0x08000d5e   0x00000016   Code   RO         4754    i.ADC_SoftwareStartConvCtrl  at32f4xx_adc.o
    0x08000d74   0x08000d74   0x0000000a   Code   RO         4756    i.ADC_StartCalibration  at32f4xx_adc.o
    0x08000d7e   0x08000d7e   0x00000012   Code   RO         4757    i.ADC_StructInit    at32f4xx_adc.o
    0x08000d90   0x08000d90   0x0000028c   Code   RO         3873    i.APPTransactionrecord  dwin_com_pro.o
    0x0800101c   0x0800101c   0x00000038   Code   RO         3874    i.APP_ClearRecodeInfo  dwin_com_pro.o
    0x08001054   0x08001054   0x000000a6   Code   RO         3875    i.APP_DisplayRecvDataAnalyze  dwin_com_pro.o
    0x080010fa   0x080010fa   0x00000002   PAD
    0x080010fc   0x080010fc   0x00000014   Code   RO         1196    i.APP_GetAppRegisterState  modulea7680c.o
    0x08001110   0x08001110   0x0000000c   Code   RO          585    i.APP_GetBatchNum   4gmain.o
    0x0800111c   0x0800111c   0x00000020   Code   RO         3876    i.APP_GetBillInfo   dwin_com_pro.o
    0x0800113c   0x0800113c   0x0000000c   Code   RO         1197    i.APP_GetCSQNum     modulea7680c.o
    0x08001148   0x08001148   0x00000020   Code   RO          933    i.APP_GetHYBatchNum  hyframe.o
    0x08001168   0x08001168   0x00000014   Code   RO          935    i.APP_GetHYStartType  hyframe.o
    0x0800117c   0x0800117c   0x00000014   Code   RO         1198    i.APP_GetModuleConnectState  modulea7680c.o
    0x08001190   0x08001190   0x0000001c   Code   RO          588    i.APP_GetResendBillState  4gmain.o
    0x080011ac   0x080011ac   0x0000000c   Code   RO         1199    i.APP_GetSIM7600Mode  modulea7680c.o
    0x080011b8   0x080011b8   0x0000000c   Code   RO         1200    i.APP_GetSIM7600Status  modulea7680c.o
    0x080011c4   0x080011c4   0x00000024   Code   RO          834    i.APP_RecvDataControl  4grecv.o
    0x080011e8   0x080011e8   0x00000108   Code   RO         3881    i.APP_SelectCurChargeRecode  dwin_com_pro.o
    0x080012f0   0x080012f0   0x000000f4   Code   RO         3882    i.APP_SelectNextNChargeRecode  dwin_com_pro.o
    0x080013e4   0x080013e4   0x00000134   Code   RO         3883    i.APP_SelectUpNChargeRecode  dwin_com_pro.o
    0x08001518   0x08001518   0x00000018   Code   RO         1201    i.APP_SetAppRegisterState  modulea7680c.o
    0x08001530   0x08001530   0x00000028   Code   RO          936    i.APP_SetHYResetStartType  hyframe.o
    0x08001558   0x08001558   0x00000018   Code   RO          937    i.APP_SetHYStartType  hyframe.o
    0x08001570   0x08001570   0x0000003c   Code   RO         1202    i.APP_SetNetNotConect  modulea7680c.o
    0x080015ac   0x080015ac   0x00000028   Code   RO          590    i.APP_SetResendBillState  4gmain.o
    0x080015d4   0x080015d4   0x00000008   Code   RO          591    i.APP_SetResetStartType  4gmain.o
    0x080015dc   0x080015dc   0x00000010   Code   RO         1203    i.APP_SetSIM7600Mode  modulea7680c.o
    0x080015ec   0x080015ec   0x00000060   Code   RO         3317    i.Ad_entry          dispkey.o
    0x0800164c   0x0800164c   0x00000034   Code   RO         3885    i.Amount_charging   dwin_com_pro.o
    0x08001680   0x08001680   0x000001c0   Code   RO          594    i.AppTask4GMain     4gmain.o
    0x08001840   0x08001840   0x000002cc   Code   RO          835    i.AppTask4GRecv     4grecv.o
    0x08001b0c   0x08001b0c   0x00000314   Code   RO          876    i.AppTask4GSend     4gsend.o
    0x08001e20   0x08001e20   0x000001e8   Code   RO         4462    i.AppTaskCard       read_nuid.o
    0x08002008   0x08002008   0x00000064   Code   RO         1891    i.AppTaskCharge     chtask.o
    0x0800206c   0x0800206c   0x000001b4   Code   RO          277    i.AppTaskCreate     main.o
    0x08002220   0x08002220   0x00000388   Code   RO         3886    i.AppTaskDwin       dwin_com_pro.o
    0x080025a8   0x080025a8   0x00000394   Code   RO          278    i.AppTaskStart      main.o
    0x0800293c   0x0800293c   0x0000002c   Code   RO         3887    i.Auto_charging     dwin_com_pro.o
    0x08002968   0x08002968   0x00000010   Code   RO         9649    i.BSP_CPU_ClkFreq   bsp.o
    0x08002978   0x08002978   0x0000000c   Code   RO         9650    i.BSP_Init          bsp.o
    0x08002984   0x08002984   0x00000054   Code   RO         2003    i.BubbleSort        cp.o
    0x080029d8   0x080029d8   0x00000004   Code   RO           13    i.BusFault_Handler  at32f4xx_it.o
    0x080029dc   0x080029dc   0x0000000c   Code   RO        10359    i.CPU_Init          cpu_core.o
    0x080029e8   0x080029e8   0x00000030   Code   RO        10360    i.CPU_NameClr       cpu_core.o
    0x08002a18   0x08002a18   0x00000008   Code   RO        10362    i.CPU_NameInit      cpu_core.o
    0x08002a20   0x08002a20   0x00000014   Code   RO        10366    i.CPU_TS_Init       cpu_core.o
    0x08002a34   0x08002a34   0x0000000c   Code   RO        10368    i.CPU_TS_TmrFreqSet  cpu_core.o
    0x08002a40   0x08002a40   0x00000034   Code   RO         9652    i.CPU_TS_TmrInit    bsp.o
    0x08002a74   0x08002a74   0x0000000c   Code   RO         9653    i.CPU_TS_TmrRd      bsp.o
    0x08002a80   0x08002a80   0x0000004c   Code   RO         4463    i.Clear_flag        read_nuid.o
    0x08002acc   0x08002acc   0x0000001c   Code   RO         3888    i.Clear_record      dwin_com_pro.o
    0x08002ae8   0x08002ae8   0x00000044   Code   RO         3889    i.Company_code      dwin_com_pro.o
    0x08002b2c   0x08002b2c   0x000000a0   Code   RO          595    i.Connect_4G        4gmain.o
    0x08002bcc   0x08002bcc   0x00000024   Code   RO         2403    i.DATAHEXtoBCD      ertc.o
    0x08002bf0   0x08002bf0   0x00000018   Code   RO         5316    i.DMA_ChannelEnable  at32f4xx_dma.o
    0x08002c08   0x08002c08   0x0000001a   Code   RO         5319    i.DMA_DefaultInitParaConfig  at32f4xx_dma.o
    0x08002c22   0x08002c22   0x0000003c   Code   RO         5325    i.DMA_Init          at32f4xx_dma.o
    0x08002c5e   0x08002c5e   0x00000002   PAD
    0x08002c60   0x08002c60   0x0000014c   Code   RO         5326    i.DMA_Reset         at32f4xx_dma.o
    0x08002dac   0x08002dac   0x00000018   Code   RO         3318    i.DealWithKey       dispkey.o
    0x08002dc4   0x08002dc4   0x00000050   Code   RO         3890    i.DealWithVari      dwin_com_pro.o
    0x08002e14   0x08002e14   0x00000002   Code   RO           14    i.DebugMon_Handler  at32f4xx_it.o
    0x08002e16   0x08002e16   0x0000001a   Code   RO         2858    i.DelayMS           spi_flash.o
    0x08002e30   0x08002e30   0x00000088   Code   RO         3891    i.Dis_SYSShowTime   dwin_com_pro.o
    0x08002eb8   0x08002eb8   0x00000060   Code   RO         3838    i.Dis_ShowCopy      dispshowstatus.o
    0x08002f18   0x08002f18   0x00000060   Code   RO         3839    i.Dis_ShowStatus    dispshowstatus.o
    0x08002f78   0x08002f78   0x00000090   Code   RO         3892    i.Dis_ShowTime      dwin_com_pro.o
    0x08003008   0x08003008   0x00000060   Code   RO         3840    i.Dis_Showstop_reason  dispshowstatus.o
    0x08003068   0x08003068   0x00000194   Code   RO         3893    i.DispShow_NetState  dwin_com_pro.o
    0x080031fc   0x080031fc   0x000001c4   Code   RO         3894    i.DispShow_Recode   dwin_com_pro.o
    0x080033c0   0x080033c0   0x00000028   Code   RO         3895    i.Disp_ShowRTC      dwin_com_pro.o
    0x080033e8   0x080033e8   0x00000028   Code   RO         3896    i.Disp_Showsettime  dwin_com_pro.o
    0x08003410   0x08003410   0x00000048   Code   RO         3580    i.DisplayCommonMenu  dispkeyfunction.o
    0x08003458   0x08003458   0x00000050   Code   RO         4243    i.DisplayQRCode     dwinprotocol.o
    0x080034a8   0x080034a8   0x0000000c   Code   RO         4244    i.Dwin_FrameHead    dwinprotocol.o
    0x080034b4   0x080034b4   0x00000016   Code   RO         5409    i.ERTC_Bcd2ToByte   at32f4xx_ertc.o
    0x080034ca   0x080034ca   0x0000001c   Code   RO         5411    i.ERTC_ByteToBcd2   at32f4xx_ertc.o
    0x080034e6   0x080034e6   0x00000002   PAD
    0x080034e8   0x080034e8   0x000000a0   Code   RO         2404    i.ERTC_Config       ertc.o
    0x08003588   0x08003588   0x00000050   Code   RO         5420    i.ERTC_EnterInitMode  at32f4xx_ertc.o
    0x080035d8   0x080035d8   0x00000014   Code   RO         5421    i.ERTC_ExitInitMode  at32f4xx_ertc.o
    0x080035ec   0x080035ec   0x00000060   Code   RO         5424    i.ERTC_GetDateValue  at32f4xx_ertc.o
    0x0800364c   0x0800364c   0x00000064   Code   RO         5431    i.ERTC_GetTimeValue  at32f4xx_ertc.o
    0x080036b0   0x080036b0   0x00000064   Code   RO         5433    i.ERTC_INTConfig    at32f4xx_ertc.o
    0x08003714   0x08003714   0x00000064   Code   RO         5434    i.ERTC_Init         at32f4xx_ertc.o
    0x08003778   0x08003778   0x00000020   Code   RO         5437    i.ERTC_ReadBackupRegister  at32f4xx_ertc.o
    0x08003798   0x08003798   0x000000c8   Code   RO         5441    i.ERTC_SetDateValue  at32f4xx_ertc.o
    0x08003860   0x08003860   0x000000d0   Code   RO         5442    i.ERTC_SetTimeValue  at32f4xx_ertc.o
    0x08003930   0x08003930   0x00000048   Code   RO         2405    i.ERTC_TimeRegulate  ertc.o
    0x08003978   0x08003978   0x0000001c   Code   RO         2406    i.ERTC_TimeShow     ertc.o
    0x08003994   0x08003994   0x00000046   Code   RO         2407    i.ERTC_TimeStampConfig  ertc.o
    0x080039da   0x080039da   0x00000002   PAD
    0x080039dc   0x080039dc   0x00000060   Code   RO         5458    i.ERTC_WaitForSynchro  at32f4xx_ertc.o
    0x08003a3c   0x08003a3c   0x0000001c   Code   RO         5461    i.ERTC_WriteBackupRegister  at32f4xx_ertc.o
    0x08003a58   0x08003a58   0x00000094   Code   RO         5790    i.EXTI_Init         at32f4xx_exti.o
    0x08003aec   0x08003aec   0x00000034   Code   RO         3897    i.Electric_charing  dwin_com_pro.o
    0x08003b20   0x08003b20   0x00000168   Code   RO         2861    i.FLASH_Init        spi_flash.o
    0x08003c88   0x08003c88   0x00000024   Code   RO         2259    i.GPIO_Configuration  adc.o
    0x08003cac   0x08003cac   0x00000116   Code   RO         6096    i.GPIO_Init         at32f4xx_gpio.o
    0x08003dc2   0x08003dc2   0x00000002   PAD
    0x08003dc4   0x08003dc4   0x000003f4   Code   RO         6098    i.GPIO_PinsRemapConfig  at32f4xx_gpio.o
    0x080041b8   0x080041b8   0x00000012   Code   RO         6100    i.GPIO_ReadInputDataBit  at32f4xx_gpio.o
    0x080041ca   0x080041ca   0x00000004   Code   RO         6104    i.GPIO_ResetBits    at32f4xx_gpio.o
    0x080041ce   0x080041ce   0x00000004   Code   RO         6105    i.GPIO_SetBits      at32f4xx_gpio.o
    0x080041d2   0x080041d2   0x00000010   Code   RO         6106    i.GPIO_StructInit   at32f4xx_gpio.o
    0x080041e2   0x080041e2   0x00000002   PAD
    0x080041e4   0x080041e4   0x0000000c   Code   RO         3581    i.GetCurMenu        dispkeyfunction.o
    0x080041f0   0x080041f0   0x00000024   Code   RO         4245    i.HEXtoBCD          dwinprotocol.o
    0x08004214   0x08004214   0x00000060   Code   RO         1892    i.HLW8112DataDispose  chtask.o
    0x08004274   0x08004274   0x000000bc   Code   RO         1893    i.HLW8112_Dispose   chtask.o
    0x08004330   0x08004330   0x00000110   Code   RO         2483    i.HLW8112_Measure   hlw8112-spi.o
    0x08004440   0x08004440   0x00000048   Code   RO         2484    i.HLW8112_SPI_ReadByte  hlw8112-spi.o
    0x08004488   0x08004488   0x0000000c   Code   RO         2485    i.HLW8112_SPI_ReadReg  hlw8112-spi.o
    0x08004494   0x08004494   0x00000050   Code   RO         2486    i.HLW8112_SPI_WriteByte  hlw8112-spi.o
    0x080044e4   0x080044e4   0x00000010   Code   RO         2487    i.HLW8112_SPI_WriteReg  hlw8112-spi.o
    0x080044f4   0x080044f4   0x00000034   Code   RO         2488    i.HLW8112_WriteREG_DIS  hlw8112-spi.o
    0x08004528   0x08004528   0x00000034   Code   RO         2489    i.HLW8112_WriteREG_EN  hlw8112-spi.o
    0x0800455c   0x0800455c   0x00000002   Code   RO         3582    i.HYDisplayMenu1    dispkeyfunction.o
    0x0800455e   0x0800455e   0x00000002   Code   RO         3583    i.HYDisplayMenu10   dispkeyfunction.o
    0x08004560   0x08004560   0x00000002   Code   RO         3584    i.HYDisplayMenu11   dispkeyfunction.o
    0x08004562   0x08004562   0x00000002   Code   RO         3585    i.HYDisplayMenu12   dispkeyfunction.o
    0x08004564   0x08004564   0x00000002   Code   RO         3586    i.HYDisplayMenu13   dispkeyfunction.o
    0x08004566   0x08004566   0x00000002   Code   RO         3587    i.HYDisplayMenu14   dispkeyfunction.o
    0x08004568   0x08004568   0x00000002   Code   RO         3588    i.HYDisplayMenu15   dispkeyfunction.o
    0x0800456a   0x0800456a   0x00000002   Code   RO         3589    i.HYDisplayMenu16   dispkeyfunction.o
    0x0800456c   0x0800456c   0x00000002   Code   RO         3590    i.HYDisplayMenu17   dispkeyfunction.o
    0x0800456e   0x0800456e   0x00000002   Code   RO         3591    i.HYDisplayMenu18   dispkeyfunction.o
    0x08004570   0x08004570   0x00000002   Code   RO         3592    i.HYDisplayMenu19   dispkeyfunction.o
    0x08004572   0x08004572   0x00000002   Code   RO         3593    i.HYDisplayMenu2    dispkeyfunction.o
    0x08004574   0x08004574   0x00000002   Code   RO         3594    i.HYDisplayMenu20   dispkeyfunction.o
    0x08004576   0x08004576   0x00000002   Code   RO         3595    i.HYDisplayMenu21   dispkeyfunction.o
    0x08004578   0x08004578   0x00000002   Code   RO         3596    i.HYDisplayMenu22   dispkeyfunction.o
    0x0800457a   0x0800457a   0x00000002   Code   RO         3597    i.HYDisplayMenu23   dispkeyfunction.o
    0x0800457c   0x0800457c   0x00000002   Code   RO         3598    i.HYDisplayMenu24   dispkeyfunction.o
    0x0800457e   0x0800457e   0x00000002   Code   RO         3599    i.HYDisplayMenu25   dispkeyfunction.o
    0x08004580   0x08004580   0x00000002   Code   RO         3600    i.HYDisplayMenu26   dispkeyfunction.o
    0x08004582   0x08004582   0x00000002   Code   RO         3601    i.HYDisplayMenu27   dispkeyfunction.o
    0x08004584   0x08004584   0x00000002   Code   RO         3602    i.HYDisplayMenu28   dispkeyfunction.o
    0x08004586   0x08004586   0x00000002   Code   RO         3603    i.HYDisplayMenu3    dispkeyfunction.o
    0x08004588   0x08004588   0x00000002   Code   RO         3604    i.HYDisplayMenu30   dispkeyfunction.o
    0x0800458a   0x0800458a   0x00000002   Code   RO         3605    i.HYDisplayMenu31   dispkeyfunction.o
    0x0800458c   0x0800458c   0x00000002   Code   RO         3606    i.HYDisplayMenu32   dispkeyfunction.o
    0x0800458e   0x0800458e   0x00000002   Code   RO         3607    i.HYDisplayMenu33   dispkeyfunction.o
    0x08004590   0x08004590   0x00000002   Code   RO         3608    i.HYDisplayMenu34   dispkeyfunction.o
    0x08004592   0x08004592   0x00000002   Code   RO         3609    i.HYDisplayMenu35   dispkeyfunction.o
    0x08004594   0x08004594   0x00000002   Code   RO         3610    i.HYDisplayMenu36   dispkeyfunction.o
    0x08004596   0x08004596   0x00000002   Code   RO         3611    i.HYDisplayMenu37   dispkeyfunction.o
    0x08004598   0x08004598   0x00000002   Code   RO         3612    i.HYDisplayMenu38   dispkeyfunction.o
    0x0800459a   0x0800459a   0x00000002   Code   RO         3613    i.HYDisplayMenu4    dispkeyfunction.o
    0x0800459c   0x0800459c   0x00000002   Code   RO         3614    i.HYDisplayMenu5    dispkeyfunction.o
    0x0800459e   0x0800459e   0x00000002   Code   RO         3615    i.HYDisplayMenu6    dispkeyfunction.o
    0x080045a0   0x080045a0   0x00000002   Code   RO         3616    i.HYDisplayMenu7    dispkeyfunction.o
    0x080045a2   0x080045a2   0x00000002   Code   RO         3617    i.HYDisplayMenu8    dispkeyfunction.o
    0x080045a4   0x080045a4   0x00000002   Code   RO         3618    i.HYDisplayMenu9    dispkeyfunction.o
    0x080045a6   0x080045a6   0x00000002   PAD
    0x080045a8   0x080045a8   0x0000010c   Code   RO          939    i.HYFreamSend       hyframe.o
    0x080046b4   0x080046b4   0x00000088   Code   RO         3319    i.HYKeyEvent1       dispkey.o
    0x0800473c   0x0800473c   0x0000002c   Code   RO         3320    i.HYKeyEvent10      dispkey.o
    0x08004768   0x08004768   0x0000002c   Code   RO         3321    i.HYKeyEvent11      dispkey.o
    0x08004794   0x08004794   0x0000002c   Code   RO         3322    i.HYKeyEvent12      dispkey.o
    0x080047c0   0x080047c0   0x000000c0   Code   RO         3323    i.HYKeyEvent13      dispkey.o
    0x08004880   0x08004880   0x000000b8   Code   RO         3324    i.HYKeyEvent14      dispkey.o
    0x08004938   0x08004938   0x00000030   Code   RO         3325    i.HYKeyEvent15      dispkey.o
    0x08004968   0x08004968   0x000000b4   Code   RO         3326    i.HYKeyEvent16      dispkey.o
    0x08004a1c   0x08004a1c   0x00000080   Code   RO         3327    i.HYKeyEvent17      dispkey.o
    0x08004a9c   0x08004a9c   0x00000080   Code   RO         3328    i.HYKeyEvent18      dispkey.o
    0x08004b1c   0x08004b1c   0x00000080   Code   RO         3329    i.HYKeyEvent19      dispkey.o
    0x08004b9c   0x08004b9c   0x00000030   Code   RO         3330    i.HYKeyEvent2       dispkey.o
    0x08004bcc   0x08004bcc   0x00000080   Code   RO         3331    i.HYKeyEvent20      dispkey.o
    0x08004c4c   0x08004c4c   0x00000020   Code   RO         3332    i.HYKeyEvent21      dispkey.o
    0x08004c6c   0x08004c6c   0x0000003c   Code   RO         3333    i.HYKeyEvent22      dispkey.o
    0x08004ca8   0x08004ca8   0x00000020   Code   RO         3334    i.HYKeyEvent23      dispkey.o
    0x08004cc8   0x08004cc8   0x00000020   Code   RO         3335    i.HYKeyEvent24      dispkey.o
    0x08004ce8   0x08004ce8   0x00000044   Code   RO         3336    i.HYKeyEvent25      dispkey.o
    0x08004d2c   0x08004d2c   0x00000018   Code   RO         3337    i.HYKeyEvent26      dispkey.o
    0x08004d44   0x08004d44   0x00000038   Code   RO         3338    i.HYKeyEvent27      dispkey.o
    0x08004d7c   0x08004d7c   0x0000002c   Code   RO         3339    i.HYKeyEvent28      dispkey.o
    0x08004da8   0x08004da8   0x00000040   Code   RO         3340    i.HYKeyEvent3       dispkey.o
    0x08004de8   0x08004de8   0x00000048   Code   RO         3341    i.HYKeyEvent30      dispkey.o
    0x08004e30   0x08004e30   0x00000038   Code   RO         3342    i.HYKeyEvent31      dispkey.o
    0x08004e68   0x08004e68   0x00000028   Code   RO         3343    i.HYKeyEvent32      dispkey.o
    0x08004e90   0x08004e90   0x00000028   Code   RO         3344    i.HYKeyEvent33      dispkey.o
    0x08004eb8   0x08004eb8   0x00000028   Code   RO         3345    i.HYKeyEvent34      dispkey.o
    0x08004ee0   0x08004ee0   0x00000028   Code   RO         3346    i.HYKeyEvent35      dispkey.o
    0x08004f08   0x08004f08   0x00000028   Code   RO         3347    i.HYKeyEvent36      dispkey.o
    0x08004f30   0x08004f30   0x00000028   Code   RO         3348    i.HYKeyEvent37      dispkey.o
    0x08004f58   0x08004f58   0x00000028   Code   RO         3349    i.HYKeyEvent38      dispkey.o
    0x08004f80   0x08004f80   0x00000002   Code   RO         3350    i.HYKeyEvent4       dispkey.o
    0x08004f82   0x08004f82   0x00000002   PAD
    0x08004f84   0x08004f84   0x00000020   Code   RO         3351    i.HYKeyEvent5       dispkey.o
    0x08004fa4   0x08004fa4   0x00000020   Code   RO         3352    i.HYKeyEvent6       dispkey.o
    0x08004fc4   0x08004fc4   0x0000002c   Code   RO         3353    i.HYKeyEvent7       dispkey.o
    0x08004ff0   0x08004ff0   0x0000002c   Code   RO         3354    i.HYKeyEvent8       dispkey.o
    0x0800501c   0x0800501c   0x0000002c   Code   RO         3355    i.HYKeyEvent9       dispkey.o
    0x08005048   0x08005048   0x0000001c   Code   RO          940    i.HY_Mesetelectricity  hyframe.o
    0x08005064   0x08005064   0x000000a8   Code   RO          945    i.HY_RecvFrameDispose  hyframe.o
    0x0800510c   0x0800510c   0x00000354   Code   RO          956    i.HY_SendBill       hyframe.o
    0x08005460   0x08005460   0x00000068   Code   RO          957    i.HY_SendBillData   hyframe.o
    0x080054c8   0x080054c8   0x0000017c   Code   RO          958    i.HY_SendCardInfo   hyframe.o
    0x08005644   0x08005644   0x00000194   Code   RO          959    i.HY_SendDevStateA  hyframe.o
    0x080057d8   0x080057d8   0x000000c0   Code   RO          960    i.HY_SendFrameDispose  hyframe.o
    0x08005898   0x08005898   0x00000074   Code   RO          961    i.HY_SendHear       hyframe.o
    0x0800590c   0x0800590c   0x00000050   Code   RO          962    i.HY_SendQueryRateAck  hyframe.o
    0x0800595c   0x0800595c   0x00000018   Code   RO          963    i.HY_SendRateAck    hyframe.o
    0x08005974   0x08005974   0x000000c0   Code   RO          964    i.HY_SendRegister   hyframe.o
    0x08005a34   0x08005a34   0x0000006c   Code   RO          966    i.HY_SendStartAck   hyframe.o
    0x08005aa0   0x08005aa0   0x00000038   Code   RO          967    i.HY_SendStopAck    hyframe.o
    0x08005ad8   0x08005ad8   0x00000040   Code   RO          968    i.HY_SendUpdataAck  hyframe.o
    0x08005b18   0x08005b18   0x0000003c   Code   RO          969    i.HY_adduseelectricity  hyframe.o
    0x08005b54   0x08005b54   0x00000070   Code   RO           15    i.HardFault_Handler  at32f4xx_it.o
    0x08005bc4   0x08005bc4   0x00000024   Code   RO          279    i.IWDG_Config       main.o
    0x08005be8   0x08005be8   0x00000010   Code   RO         6454    i.IWDG_Enable       at32f4xx_iwdg.o
    0x08005bf8   0x08005bf8   0x0000000c   Code   RO         6456    i.IWDG_KeyRegWrite  at32f4xx_iwdg.o
    0x08005c04   0x08005c04   0x00000010   Code   RO         6457    i.IWDG_ReloadCounter  at32f4xx_iwdg.o
    0x08005c14   0x08005c14   0x0000000c   Code   RO         6458    i.IWDG_SetPrescaler  at32f4xx_iwdg.o
    0x08005c20   0x08005c20   0x0000000c   Code   RO         6459    i.IWDG_SetReload    at32f4xx_iwdg.o
    0x08005c2c   0x08005c2c   0x000001fc   Code   RO         2490    i.Init_HLW8112      hlw8112-spi.o
    0x08005e28   0x08005e28   0x000002cc   Code   RO         2491    i.Judge_CheckSum_HLW8112_Calfactor  hlw8112-spi.o
    0x080060f4   0x080060f4   0x00000038   Code   RO          281    i.JumpToProgramCode  main.o
    0x0800612c   0x0800612c   0x00000010   Code   RO         4248    i.LCD_SendBufLenClear  dwinprotocol.o
    0x0800613c   0x0800613c   0x0000002c   Code   RO         4249    i.LCD_SendByteToBuf  dwinprotocol.o
    0x08006168   0x08006168   0x00000018   Code   RO         4250    i.LCD_SendFourBytes  dwinprotocol.o
    0x08006180   0x08006180   0x0000002c   Code   RO         4251    i.LCD_SendToUart    dwinprotocol.o
    0x080061ac   0x080061ac   0x00000012   Code   RO         4252    i.LCD_SendTwoBytes  dwinprotocol.o
    0x080061be   0x080061be   0x00000002   PAD
    0x080061c0   0x080061c0   0x00000198   Code   RO         2366    i.Mcu_Io_Init       device.o
    0x08006358   0x08006358   0x00000004   Code   RO           16    i.MemManage_Handler  at32f4xx_it.o
    0x0800635c   0x0800635c   0x00000012   Code   RO         8320    i.Mem_Clr           lib_mem.o
    0x0800636e   0x0800636e   0x00000054   Code   RO         8336    i.Mem_Set           lib_mem.o
    0x080063c2   0x080063c2   0x00000002   PAD
    0x080063c4   0x080063c4   0x00000114   Code   RO         1204    i.ModuleSIM7600_ConnectServer  modulea7680c.o
    0x080064d8   0x080064d8   0x0000014c   Code   RO         1206    i.ModuleSIM7600_SendData  modulea7680c.o
    0x08006624   0x08006624   0x000000a4   Code   RO         1207    i.Module_ConnectServer  modulea7680c.o
    0x080066c8   0x080066c8   0x00000334   Code   RO         1208    i.Module_HTTPDownload  modulea7680c.o
    0x080069fc   0x080069fc   0x0000026c   Code   RO         1209    i.Module_SIM7600Test  modulea7680c.o
    0x08006c68   0x08006c68   0x00000088   Code   RO         3898    i.Munu12_CodeDispose  dwin_com_pro.o
    0x08006cf0   0x08006cf0   0x00000084   Code   RO         3899    i.Munu13_DevnumDispose  dwin_com_pro.o
    0x08006d74   0x08006d74   0x0000005c   Code   RO         3900    i.Munu13_IP1Sert    dwin_com_pro.o
    0x08006dd0   0x08006dd0   0x00000060   Code   RO         3901    i.Munu13_IP2Sert    dwin_com_pro.o
    0x08006e30   0x08006e30   0x00000060   Code   RO         3902    i.Munu13_IP3Sert    dwin_com_pro.o
    0x08006e90   0x08006e90   0x00000060   Code   RO         3903    i.Munu13_IP4Sert    dwin_com_pro.o
    0x08006ef0   0x08006ef0   0x00000044   Code   RO         3904    i.Munu13_PortSert   dwin_com_pro.o
    0x08006f34   0x08006f34   0x00000220   Code   RO         3905    i.Munu13_ShowSysInfo  dwin_com_pro.o
    0x08007154   0x08007154   0x00000850   Code   RO         3906    i.Munu27_ShowSysInfo  dwin_com_pro.o
    0x080079a4   0x080079a4   0x00000002   Code   RO           17    i.NMI_Handler       at32f4xx_it.o
    0x080079a6   0x080079a6   0x00000002   PAD
    0x080079a8   0x080079a8   0x00000070   Code   RO         8059    i.NVIC_Init         misc.o
    0x08007a18   0x08007a18   0x00000014   Code   RO         8060    i.NVIC_PriorityGroupConfig  misc.o
    0x08007a2c   0x08007a2c   0x00000002   Code   RO         8589    i.OSCfg_Init        os_cfg_app.o
    0x08007a2e   0x08007a2e   0x00000002   PAD
    0x08007a30   0x08007a30   0x00000014   Code   RO         8104    i.OSIdleTaskHook    os_cpu_c.o
    0x08007a44   0x08007a44   0x00000164   Code   RO         8612    i.OSInit            os_core.o
    0x08007ba8   0x08007ba8   0x00000028   Code   RO         8105    i.OSInitHook        os_cpu_c.o
    0x08007bd0   0x08007bd0   0x0000002c   Code   RO         8613    i.OSIntEnter        os_core.o
    0x08007bfc   0x08007bfc   0x000000dc   Code   RO         8614    i.OSIntExit         os_core.o
    0x08007cd8   0x08007cd8   0x00000088   Code   RO         9005    i.OSMutexCreate     os_mutex.o
    0x08007d60   0x08007d60   0x00000250   Code   RO         9007    i.OSMutexPend       os_mutex.o
    0x08007fb0   0x08007fb0   0x00000174   Code   RO         9009    i.OSMutexPost       os_mutex.o
    0x08008124   0x08008124   0x00000090   Code   RO         9108    i.OSQCreate         os_q.o
    0x080081b4   0x080081b4   0x000001d0   Code   RO         9111    i.OSQPend           os_q.o
    0x08008384   0x08008384   0x00000094   Code   RO         9113    i.OSQPost           os_q.o
    0x08008418   0x08008418   0x000000a0   Code   RO         8615    i.OSSched           os_core.o
    0x080084b8   0x080084b8   0x00000074   Code   RO         8616    i.OSSchedLock       os_core.o
    0x0800852c   0x0800852c   0x00000094   Code   RO         8617    i.OSSchedUnlock     os_core.o
    0x080085c0   0x080085c0   0x00000068   Code   RO         8618    i.OSStart           os_core.o
    0x08008628   0x08008628   0x00000128   Code   RO         9252    i.OSStatReset       os_stat.o
    0x08008750   0x08008750   0x000000f0   Code   RO         9253    i.OSStatTaskCPUUsageInit  os_stat.o
    0x08008840   0x08008840   0x00000014   Code   RO         8106    i.OSStatTaskHook    os_cpu_c.o
    0x08008854   0x08008854   0x0000019c   Code   RO         9283    i.OSTaskCreate      os_task.o
    0x080089f0   0x080089f0   0x00000018   Code   RO         8107    i.OSTaskCreateHook  os_cpu_c.o
    0x08008a08   0x08008a08   0x00000128   Code   RO         9284    i.OSTaskDel         os_task.o
    0x08008b30   0x08008b30   0x00000018   Code   RO         8108    i.OSTaskDelHook     os_cpu_c.o
    0x08008b48   0x08008b48   0x00000068   Code   RO         9292    i.OSTaskResume      os_task.o
    0x08008bb0   0x08008bb0   0x00000018   Code   RO         8109    i.OSTaskReturnHook  os_cpu_c.o
    0x08008bc8   0x08008bc8   0x000001dc   Code   RO         9293    i.OSTaskSemPend     os_task.o
    0x08008da4   0x08008da4   0x0000003e   Code   RO         9295    i.OSTaskSemPost     os_task.o
    0x08008de2   0x08008de2   0x00000002   PAD
    0x08008de4   0x08008de4   0x000000d4   Code   RO         9297    i.OSTaskStkChk      os_task.o
    0x08008eb8   0x08008eb8   0x000000c4   Code   RO         8110    i.OSTaskStkInit     os_cpu_c.o
    0x08008f7c   0x08008f7c   0x00000038   Code   RO         9298    i.OSTaskSuspend     os_task.o
    0x08008fb4   0x08008fb4   0x00000088   Code   RO         8111    i.OSTaskSwHook      os_cpu_c.o
    0x0800903c   0x0800903c   0x000000b8   Code   RO         9496    i.OSTimeDly         os_time.o
    0x080090f4   0x080090f4   0x00000034   Code   RO         9499    i.OSTimeGet         os_time.o
    0x08009128   0x08009128   0x00000044   Code   RO         9501    i.OSTimeTick        os_time.o
    0x0800916c   0x0800916c   0x00000014   Code   RO         8112    i.OSTimeTickHook    os_cpu_c.o
    0x08009180   0x08009180   0x00000030   Code   RO         8113    i.OS_CPU_SysTickInit  os_cpu_c.o
    0x080091b0   0x080091b0   0x000001a8   Code   RO         8828    i.OS_Dbg_Init       os_dbg.o
    0x08009358   0x08009358   0x00000018   Code   RO         8853    i.OS_FlagInit       os_flag.o
    0x08009370   0x08009370   0x00000044   Code   RO         8620    i.OS_IdleTask       os_core.o
    0x080093b4   0x080093b4   0x00000070   Code   RO         8621    i.OS_IdleTaskInit   os_core.o
    0x08009424   0x08009424   0x00000018   Code   RO         8937    i.OS_MemInit        os_mem.o
    0x0800943c   0x0800943c   0x0000007c   Code   RO         8969    i.OS_MsgPoolInit    os_msg.o
    0x080094b8   0x080094b8   0x00000044   Code   RO         8970    i.OS_MsgQFreeAll    os_msg.o
    0x080094fc   0x080094fc   0x00000068   Code   RO         8971    i.OS_MsgQGet        os_msg.o
    0x08009564   0x08009564   0x0000000e   Code   RO         8972    i.OS_MsgQInit       os_msg.o
    0x08009572   0x08009572   0x00000002   PAD
    0x08009574   0x08009574   0x00000104   Code   RO         8973    i.OS_MsgQPut        os_msg.o
    0x08009678   0x08009678   0x00000030   Code   RO         9011    i.OS_MutexDbgListAdd  os_mutex.o
    0x080096a8   0x080096a8   0x00000018   Code   RO         9013    i.OS_MutexInit      os_mutex.o
    0x080096c0   0x080096c0   0x00000068   Code   RO         8622    i.OS_Pend           os_core.o
    0x08009728   0x08009728   0x00000026   Code   RO         8625    i.OS_PendDataInit   os_core.o
    0x0800974e   0x0800974e   0x00000002   PAD
    0x08009750   0x08009750   0x0000005c   Code   RO         8626    i.OS_PendDbgNameAdd  os_core.o
    0x080097ac   0x080097ac   0x00000024   Code   RO         8627    i.OS_PendDbgNameRemove  os_core.o
    0x080097d0   0x080097d0   0x00000046   Code   RO         8628    i.OS_PendListChangePrio  os_core.o
    0x08009816   0x08009816   0x0000000a   Code   RO         8629    i.OS_PendListInit   os_core.o
    0x08009820   0x08009820   0x00000066   Code   RO         8631    i.OS_PendListInsertPrio  os_core.o
    0x08009886   0x08009886   0x00000030   Code   RO         8632    i.OS_PendListRemove  os_core.o
    0x080098b6   0x080098b6   0x00000042   Code   RO         8633    i.OS_PendListRemove1  os_core.o
    0x080098f8   0x080098f8   0x000000d6   Code   RO         8636    i.OS_Post           os_core.o
    0x080099ce   0x080099ce   0x0000002a   Code   RO         8637    i.OS_Post1          os_core.o
    0x080099f8   0x080099f8   0x00000028   Code   RO         9071    i.OS_PrioGetHighest  os_prio.o
    0x08009a20   0x08009a20   0x00000018   Code   RO         9072    i.OS_PrioInit       os_prio.o
    0x08009a38   0x08009a38   0x00000024   Code   RO         9073    i.OS_PrioInsert     os_prio.o
    0x08009a5c   0x08009a5c   0x00000024   Code   RO         9074    i.OS_PrioRemove     os_prio.o
    0x08009a80   0x08009a80   0x00000030   Code   RO         9115    i.OS_QDbgListAdd    os_q.o
    0x08009ab0   0x08009ab0   0x00000018   Code   RO         9117    i.OS_QInit          os_q.o
    0x08009ac8   0x08009ac8   0x000000be   Code   RO         9118    i.OS_QPost          os_q.o
    0x08009b86   0x08009b86   0x00000002   PAD
    0x08009b88   0x08009b88   0x00000024   Code   RO         8638    i.OS_RdyListInit    os_core.o
    0x08009bac   0x08009bac   0x0000002c   Code   RO         8639    i.OS_RdyListInsert  os_core.o
    0x08009bd8   0x08009bd8   0x00000040   Code   RO         8640    i.OS_RdyListInsertHead  os_core.o
    0x08009c18   0x08009c18   0x0000003c   Code   RO         8641    i.OS_RdyListInsertTail  os_core.o
    0x08009c54   0x08009c54   0x0000005c   Code   RO         8643    i.OS_RdyListRemove  os_core.o
    0x08009cb0   0x08009cb0   0x0000001c   Code   RO         8644    i.OS_SchedLockTimeMeasStart  os_core.o
    0x08009ccc   0x08009ccc   0x0000003c   Code   RO         8645    i.OS_SchedLockTimeMeasStop  os_core.o
    0x08009d08   0x08009d08   0x00000018   Code   RO         9189    i.OS_SemInit        os_sem.o
    0x08009d20   0x08009d20   0x000002e8   Code   RO         9254    i.OS_StatTask       os_stat.o
    0x0800a008   0x0800a008   0x000000cc   Code   RO         9255    i.OS_StatTaskInit   os_stat.o
    0x0800a0d4   0x0800a0d4   0x0000002c   Code   RO         8646    i.OS_TaskBlock      os_core.o
    0x0800a100   0x0800a100   0x00000030   Code   RO         9299    i.OS_TaskDbgListAdd  os_task.o
    0x0800a130   0x0800a130   0x00000044   Code   RO         9300    i.OS_TaskDbgListRemove  os_task.o
    0x0800a174   0x0800a174   0x00000020   Code   RO         9301    i.OS_TaskInit       os_task.o
    0x0800a194   0x0800a194   0x000000b4   Code   RO         9302    i.OS_TaskInitTCB    os_task.o
    0x0800a248   0x0800a248   0x00000100   Code   RO         9304    i.OS_TaskResume     os_task.o
    0x0800a348   0x0800a348   0x00000018   Code   RO         9305    i.OS_TaskReturn     os_task.o
    0x0800a360   0x0800a360   0x000001c4   Code   RO         9306    i.OS_TaskSemPost    os_task.o
    0x0800a524   0x0800a524   0x00000118   Code   RO         9307    i.OS_TaskSuspend    os_task.o
    0x0800a63c   0x0800a63c   0x00000086   Code   RO         9444    i.OS_TickListInsert  os_tick.o
    0x0800a6c2   0x0800a6c2   0x00000002   PAD
    0x0800a6c4   0x0800a6c4   0x000000bc   Code   RO         9445    i.OS_TickListInsertDly  os_tick.o
    0x0800a780   0x0800a780   0x00000058   Code   RO         9446    i.OS_TickListRemove  os_tick.o
    0x0800a7d8   0x0800a7d8   0x00000002   Code   RO         9447    i.OS_TickListResetPeak  os_tick.o
    0x0800a7da   0x0800a7da   0x00000002   PAD
    0x0800a7dc   0x0800a7dc   0x00000098   Code   RO         9448    i.OS_TickListUpdateDly  os_tick.o
    0x0800a874   0x0800a874   0x000000d4   Code   RO         9449    i.OS_TickListUpdateTimeout  os_tick.o
    0x0800a948   0x0800a948   0x00000070   Code   RO         9450    i.OS_TickTask       os_tick.o
    0x0800a9b8   0x0800a9b8   0x000000c8   Code   RO         9451    i.OS_TickTaskInit   os_tick.o
    0x0800aa80   0x0800aa80   0x00000134   Code   RO         9547    i.OS_TmrInit        os_tmr.o
    0x0800abb4   0x0800abb4   0x00000018   Code   RO         9548    i.OS_TmrLock        os_tmr.o
    0x0800abcc   0x0800abcc   0x00000002   Code   RO         9549    i.OS_TmrResetPeak   os_tmr.o
    0x0800abce   0x0800abce   0x00000002   PAD
    0x0800abd0   0x0800abd0   0x00000094   Code   RO         9550    i.OS_TmrTask        os_tmr.o
    0x0800ac64   0x0800ac64   0x00000044   Code   RO         9551    i.OS_TmrUnlink      os_tmr.o
    0x0800aca8   0x0800aca8   0x00000014   Code   RO         9552    i.OS_TmrUnlock      os_tmr.o
    0x0800acbc   0x0800acbc   0x0000000c   Code   RO         6508    i.PWR_BackupAccessCtrl  at32f4xx_pwr.o
    0x0800acc8   0x0800acc8   0x000000b0   Code   RO         3907    i.Period_WriterFmBill  dwin_com_pro.o
    0x0800ad78   0x0800ad78   0x0000003e   Code   RO         4253    i.PraPerprintBackImage  dwinprotocol.o
    0x0800adb6   0x0800adb6   0x00000012   Code   RO          596    i.Pre4GBill         4gmain.o
    0x0800adc8   0x0800adc8   0x000002a4   Code   RO          970    i.PreHYBill         hyframe.o
    0x0800b06c   0x0800b06c   0x0000000c   Code   RO         4254    i.PrintBackImage    dwinprotocol.o
    0x0800b078   0x0800b078   0x00000028   Code   RO         4256    i.PrintIcon         dwinprotocol.o
    0x0800b0a0   0x0800b0a0   0x00000028   Code   RO         4258    i.PrintNum16uVariable  dwinprotocol.o
    0x0800b0c8   0x0800b0c8   0x00000028   Code   RO         4259    i.PrintNum32uVariable  dwinprotocol.o
    0x0800b0f0   0x0800b0f0   0x0000004e   Code   RO         4261    i.PrintStr          dwinprotocol.o
    0x0800b13e   0x0800b13e   0x0000006c   Code   RO         2674    i.RC522_CalulateCRC  rc522.o
    0x0800b1aa   0x0800b1aa   0x0000001c   Code   RO         2675    i.RC522_ClearBitMask  rc522.o
    0x0800b1c6   0x0800b1c6   0x00000002   PAD
    0x0800b1c8   0x0800b1c8   0x000000cc   Code   RO         2676    i.RC522_GPIOInit    rc522.o
    0x0800b294   0x0800b294   0x00000034   Code   RO         2677    i.RC522_Init        rc522.o
    0x0800b2c8   0x0800b2c8   0x00000066   Code   RO         2678    i.RC522_M500PcdConfigISOType  rc522.o
    0x0800b32e   0x0800b32e   0x0000000c   Code   RO         2679    i.RC522_PcdAntennaOff  rc522.o
    0x0800b33a   0x0800b33a   0x0000001a   Code   RO         2680    i.RC522_PcdAntennaOn  rc522.o
    0x0800b354   0x0800b354   0x00000070   Code   RO         2681    i.RC522_PcdAnticoll  rc522.o
    0x0800b3c4   0x0800b3c4   0x0000006e   Code   RO         2682    i.RC522_PcdAuthState  rc522.o
    0x0800b432   0x0800b432   0x0000013e   Code   RO         2684    i.RC522_PcdComMF522  rc522.o
    0x0800b570   0x0800b570   0x00000056   Code   RO         2686    i.RC522_PcdRead     rc522.o
    0x0800b5c6   0x0800b5c6   0x00000058   Code   RO         2687    i.RC522_PcdRequest  rc522.o
    0x0800b61e   0x0800b61e   0x00000002   PAD
    0x0800b620   0x0800b620   0x00000088   Code   RO         2688    i.RC522_PcdReset    rc522.o
    0x0800b6a8   0x0800b6a8   0x00000074   Code   RO         2689    i.RC522_PcdSelect   rc522.o
    0x0800b71c   0x0800b71c   0x000000d0   Code   RO         2690    i.RC522_PcdValue    rc522.o
    0x0800b7ec   0x0800b7ec   0x00000096   Code   RO         2691    i.RC522_PcdWrite    rc522.o
    0x0800b882   0x0800b882   0x00000002   PAD
    0x0800b884   0x0800b884   0x0000007c   Code   RO         2692    i.RC522_ReadCard    rc522.o
    0x0800b900   0x0800b900   0x0000003c   Code   RO         2693    i.RC522_ReadRawRC   rc522.o
    0x0800b93c   0x0800b93c   0x00000084   Code   RO         2694    i.RC522_ReadWriteByte  rc522.o
    0x0800b9c0   0x0800b9c0   0x00000020   Code   RO         2695    i.RC522_Reset       rc522.o
    0x0800b9e0   0x0800b9e0   0x0000001c   Code   RO         2696    i.RC522_SetBitMask  rc522.o
    0x0800b9fc   0x0800b9fc   0x0000007c   Code   RO         2698    i.RC522_WriteCard   rc522.o
    0x0800ba78   0x0800ba78   0x00000034   Code   RO         2699    i.RC522_WriteRawRC  rc522.o
    0x0800baac   0x0800baac   0x0000001c   Code   RO         6586    i.RCC_ADCCLKConfig  at32f4xx_rcc.o
    0x0800bac8   0x0800bac8   0x00000020   Code   RO         6588    i.RCC_AHBPeriphClockCmd  at32f4xx_rcc.o
    0x0800bae8   0x0800bae8   0x00000020   Code   RO         6590    i.RCC_APB1PeriphClockCmd  at32f4xx_rcc.o
    0x0800bb08   0x0800bb08   0x00000020   Code   RO         6593    i.RCC_APB2PeriphClockCmd  at32f4xx_rcc.o
    0x0800bb28   0x0800bb28   0x0000000c   Code   RO         6595    i.RCC_BackupResetCmd  at32f4xx_rcc.o
    0x0800bb34   0x0800bb34   0x0000001e   Code   RO         2260    i.RCC_Configuration_  adc.o
    0x0800bb52   0x0800bb52   0x00000002   PAD
    0x0800bb54   0x0800bb54   0x0000000c   Code   RO         6599    i.RCC_ERTCCLKCmd    at32f4xx_rcc.o
    0x0800bb60   0x0800bb60   0x00000010   Code   RO         6600    i.RCC_ERTCCLKConfig  at32f4xx_rcc.o
    0x0800bb70   0x0800bb70   0x000002c8   Code   RO         6601    i.RCC_GetClocksFreq  at32f4xx_rcc.o
    0x0800be38   0x0800be38   0x0000003c   Code   RO         6602    i.RCC_GetFlagStatus  at32f4xx_rcc.o
    0x0800be74   0x0800be74   0x00000034   Code   RO         6612    i.RCC_LSEConfig     at32f4xx_rcc.o
    0x0800bea8   0x0800bea8   0x000000c4   Code   RO         6616    i.RCC_PLLFrefTableConfig  at32f4xx_rcc.o
    0x0800bf6c   0x0800bf6c   0x00000024   Code   RO         6622    i.RCC_StepModeCmd   at32f4xx_rcc.o
    0x0800bf90   0x0800bf90   0x000000c4   Code   RO          597    i.ReSendBill        4gmain.o
    0x0800c054   0x0800c054   0x00000028   Code   RO         4265    i.ReadDwinVariable  dwinprotocol.o
    0x0800c07c   0x0800c07c   0x00000070   Code   RO         3908    i.ReadFmBill        dwin_com_pro.o
    0x0800c0ec   0x0800c0ec   0x00000120   Code   RO         2493    i.Read_HLW8112_EA   hlw8112-spi.o
    0x0800c20c   0x0800c20c   0x00000090   Code   RO         2497    i.Read_HLW8112_PA_I  hlw8112-spi.o
    0x0800c29c   0x0800c29c   0x00000048   Code   RO         2501    i.Read_HLW8112_RegData  hlw8112-spi.o
    0x0800c2e4   0x0800c2e4   0x00000094   Code   RO         2503    i.Read_HLW8112_U    hlw8112-spi.o
    0x0800c378   0x0800c378   0x00000036   Code   RO         3909    i.Recordqueryinfo_WR  dwin_com_pro.o
    0x0800c3ae   0x0800c3ae   0x00000002   PAD
    0x0800c3b0   0x0800c3b0   0x00000038   Code   RO         1210    i.Recv_AT_CGDCONT_Ack  modulea7680c.o
    0x0800c3e8   0x0800c3e8   0x0000004c   Code   RO         1211    i.Recv_AT_CIMI_Ack  modulea7680c.o
    0x0800c434   0x0800c434   0x00000038   Code   RO         1212    i.Recv_AT_CIPMODE_Ack  modulea7680c.o
    0x0800c46c   0x0800c46c   0x00000070   Code   RO         1213    i.Recv_AT_CSQ_Ack   modulea7680c.o
    0x0800c4dc   0x0800c4dc   0x000000f4   Code   RO         1214    i.Recv_AT_ConnectServer0Cmd_Ack  modulea7680c.o
    0x0800c5d0   0x0800c5d0   0x000000b0   Code   RO         1215    i.Recv_AT_ConnectServer0_Ack  modulea7680c.o
    0x0800c680   0x0800c680   0x000000c4   Code   RO         1216    i.Recv_AT_ConnectServer1Cmd_Ack  modulea7680c.o
    0x0800c744   0x0800c744   0x000000b0   Code   RO         1217    i.Recv_AT_ConnectServer1_Ack  modulea7680c.o
    0x0800c7f4   0x0800c7f4   0x00000020   Code   RO         1218    i.Recv_AT_EnterATCmd_Ack  modulea7680c.o
    0x0800c814   0x0800c814   0x00000038   Code   RO         1219    i.Recv_AT_NETOPEN_Ack  modulea7680c.o
    0x0800c84c   0x0800c84c   0x000000e8   Code   RO         1220    i.Recv_AT_ReRecv0Cmd_Ack  modulea7680c.o
    0x0800c934   0x0800c934   0x000000e8   Code   RO         1221    i.Recv_AT_ReRecv1Cmd_Ack  modulea7680c.o
    0x0800ca1c   0x0800ca1c   0x00000058   Code   RO         1222    i.Recv_AT_SendAck0Cmd_Ack  modulea7680c.o
    0x0800ca74   0x0800ca74   0x00000058   Code   RO         1223    i.Recv_AT_SendAck1Cmd_Ack  modulea7680c.o
    0x0800cacc   0x0800cacc   0x00000038   Code   RO         1224    i.Recv_AT_SetReAct_Ack  modulea7680c.o
    0x0800cb04   0x0800cb04   0x00000014   Code   RO         1225    i.Recv_ActRecv0_Ack  modulea7680c.o
    0x0800cb18   0x0800cb18   0x00000014   Code   RO         1226    i.Recv_ActRecv1_Ack  modulea7680c.o
    0x0800cb2c   0x0800cb2c   0x00000044   Code   RO         1227    i.Recv_HttpConect_Ack  modulea7680c.o
    0x0800cb70   0x0800cb70   0x00000080   Code   RO         1228    i.Recv_HttpGet_Ack  modulea7680c.o
    0x0800cbf0   0x0800cbf0   0x00000044   Code   RO         1229    i.Recv_HttpStart_Ack  modulea7680c.o
    0x0800cc34   0x0800cc34   0x00000108   Code   RO         1230    i.Recv_ReadData_Ack  modulea7680c.o
    0x0800cd3c   0x0800cd3c   0x00000024   Code   RO         1231    i.Recv_ReadDone_Ack  modulea7680c.o
    0x0800cd60   0x0800cd60   0x00000016   Code   RO         1232    i.SIM7600CloseNet   modulea7680c.o
    0x0800cd76   0x0800cd76   0x00000002   PAD
    0x0800cd78   0x0800cd78   0x00000130   Code   RO         1233    i.SIM7600Reset      modulea7680c.o
    0x0800cea8   0x0800cea8   0x00000068   Code   RO         1234    i.SIM7600_RecvDesposeCmd  modulea7680c.o
    0x0800cf10   0x0800cf10   0x0000004c   Code   RO         2870    i.SPI_FLASH_BufferRead  spi_flash.o
    0x0800cf5c   0x0800cf5c   0x0000008c   Code   RO         2871    i.SPI_FLASH_BufferWrite  spi_flash.o
    0x0800cfe8   0x0800cfe8   0x00000004   Code   RO         2874    i.SPI_FLASH_Detect  spi_flash.o
    0x0800cfec   0x0800cfec   0x0000005c   Code   RO         2875    i.SPI_FLASH_PageWrite  spi_flash.o
    0x0800d048   0x0800d048   0x0000003c   Code   RO         2876    i.SPI_FLASH_ReadByte  spi_flash.o
    0x0800d084   0x0800d084   0x00000048   Code   RO         2877    i.SPI_FLASH_ReadID  spi_flash.o
    0x0800d0cc   0x0800d0cc   0x00000044   Code   RO         2878    i.SPI_FLASH_SectorErase  spi_flash.o
    0x0800d110   0x0800d110   0x00000044   Code   RO         2879    i.SPI_FLASH_SendByte  spi_flash.o
    0x0800d154   0x0800d154   0x0000003c   Code   RO         2880    i.SPI_FLASH_WaitForWriteEnd  spi_flash.o
    0x0800d190   0x0800d190   0x00000020   Code   RO         2881    i.SPI_FLASH_WriteDisable  spi_flash.o
    0x0800d1b0   0x0800d1b0   0x00000020   Code   RO         2882    i.SPI_FLASH_WriteEnable  spi_flash.o
    0x0800d1d0   0x0800d1d0   0x00000054   Code   RO         2883    i.SPI_FLASH_WriteStatus  spi_flash.o
    0x0800d224   0x0800d224   0x00000034   Code   RO         1235    i.Send_AT_CGDCONT   modulea7680c.o
    0x0800d258   0x0800d258   0x00000024   Code   RO         1236    i.Send_AT_CIMI      modulea7680c.o
    0x0800d27c   0x0800d27c   0x00000088   Code   RO         1237    i.Send_AT_CIPCLOSE  modulea7680c.o
    0x0800d304   0x0800d304   0x00000028   Code   RO         1238    i.Send_AT_CIPMODE   modulea7680c.o
    0x0800d32c   0x0800d32c   0x00000088   Code   RO         1239    i.Send_AT_CIPRXGET  modulea7680c.o
    0x0800d3b4   0x0800d3b4   0x00000024   Code   RO         1241    i.Send_AT_CSQ       modulea7680c.o
    0x0800d3d8   0x0800d3d8   0x0000001c   Code   RO         1242    i.Send_AT_EnterATCmd  modulea7680c.o
    0x0800d3f4   0x0800d3f4   0x0000002c   Code   RO         1243    i.Send_AT_GET       modulea7680c.o
    0x0800d420   0x0800d420   0x00000028   Code   RO         1244    i.Send_AT_HTTPINIT  modulea7680c.o
    0x0800d448   0x0800d448   0x00000088   Code   RO         1245    i.Send_AT_HTTPPAR   modulea7680c.o
    0x0800d4d0   0x0800d4d0   0x00000028   Code   RO         1247    i.Send_AT_HTTPTERM  modulea7680c.o
    0x0800d4f8   0x0800d4f8   0x00000028   Code   RO         1248    i.Send_AT_NETCLOSE  modulea7680c.o
    0x0800d520   0x0800d520   0x00000028   Code   RO         1249    i.Send_AT_NETOPEN   modulea7680c.o
    0x0800d548   0x0800d548   0x00000028   Code   RO         1250    i.Send_AT_NOTCIPMODE  modulea7680c.o
    0x0800d570   0x0800d570   0x00000080   Code   RO         1251    i.Send_AT_READ      modulea7680c.o
    0x0800d5f0   0x0800d5f0   0x00000028   Code   RO         1252    i.Send_AT_SetCIPRXGET  modulea7680c.o
    0x0800d618   0x0800d618   0x00000008   Code   RO          409    i.SetSysClock       system_at32f4xx.o
    0x0800d620   0x0800d620   0x0000011c   Code   RO          410    i.SetSysClockTo144M  system_at32f4xx.o
    0x0800d73c   0x0800d73c   0x0000002a   Code   RO         4269    i.SetVariColor      dwinprotocol.o
    0x0800d766   0x0800d766   0x00000002   PAD
    0x0800d768   0x0800d768   0x000000f8   Code   RO         2507    i.Set_V_Zero        hlw8112-spi.o
    0x0800d860   0x0800d860   0x0000006c   Code   RO         3910    i.Set_judge_rete_info  dwin_com_pro.o
    0x0800d8cc   0x0800d8cc   0x000000c4   Code   RO         2508    i.Set_underVoltage  hlw8112-spi.o
    0x0800d990   0x0800d990   0x00000090   Code   RO         2886    i.Spi_Flash_Io_Init  spi_flash.o
    0x0800da20   0x0800da20   0x00000020   Code   RO         3911    i.StoreRecodeCurNum  dwin_com_pro.o
    0x0800da40   0x0800da40   0x00000052   Code   RO         3912    i.StrToHex          dwin_com_pro.o
    0x0800da92   0x0800da92   0x0000000a   Code   RO         2004    i.Swap              cp.o
    0x0800da9c   0x0800da9c   0x00000028   Code   RO         8063    i.SysTick_CLKSourceConfig  misc.o
    0x0800dac4   0x0800dac4   0x00000040   Code   RO         2301    i.SysTick_Handler   delay.o
    0x0800db04   0x0800db04   0x0000009c   Code   RO          412    i.SystemInit        system_at32f4xx.o
    0x0800dba0   0x0800dba0   0x0000004c   Code   RO         2367    i.SystemReset       device.o
    0x0800dbec   0x0800dbec   0x000000a8   Code   RO         3116    i.TIM2_PWM_Conrtol  timer.o
    0x0800dc94   0x0800dc94   0x00000060   Code   RO         3117    i.TIM3_Int_Init     timer.o
    0x0800dcf4   0x0800dcf4   0x00000060   Code   RO         3118    i.TIM4_Int_Init     timer.o
    0x0800dd54   0x0800dd54   0x00000080   Code   RO         3119    i.TMR3_GLOBAL_IRQHandler  timer.o
    0x0800ddd4   0x0800ddd4   0x0000004c   Code   RO         3120    i.TMR4_GLOBAL_IRQHandler  timer.o
    0x0800de20   0x0800de20   0x00000018   Code   RO         7245    i.TMR_Cmd           at32f4xx_tim.o
    0x0800de38   0x0800de38   0x00000094   Code   RO         7279    i.TMR_OC2Init       at32f4xx_tim.o
    0x0800decc   0x0800decc   0x0000001a   Code   RO         7282    i.TMR_OC2PreloadConfig  at32f4xx_tim.o
    0x0800dee6   0x0800dee6   0x00000014   Code   RO         7292    i.TMR_OCStructInit  at32f4xx_tim.o
    0x0800defa   0x0800defa   0x00000002   PAD
    0x0800defc   0x0800defc   0x00000058   Code   RO         7317    i.TMR_TimeBaseInit  at32f4xx_tim.o
    0x0800df54   0x0800df54   0x00000012   Code   RO         7318    i.TMR_TimeBaseStructInit  at32f4xx_tim.o
    0x0800df66   0x0800df66   0x00000002   PAD
    0x0800df68   0x0800df68   0x00000034   Code   RO         3913    i.Time_charging     dwin_com_pro.o
    0x0800df9c   0x0800df9c   0x0000007c   Code   RO         3914    i.Timing_charging   dwin_com_pro.o
    0x0800e018   0x0800e018   0x000000a8   Code   RO         3207    i.UART14Ginit       uart1.o
    0x0800e0c0   0x0800e0c0   0x0000001a   Code   RO         3208    i.UART1SENDBUF      uart1.o
    0x0800e0da   0x0800e0da   0x00000002   PAD
    0x0800e0dc   0x0800e0dc   0x0000001c   Code   RO         3209    i.UART1SendByte     uart1.o
    0x0800e0f8   0x0800e0f8   0x000000a4   Code   RO         3262    i.UART2Dispinit     uart2.o
    0x0800e19c   0x0800e19c   0x0000001a   Code   RO         3263    i.UART2SENDBUF      uart2.o
    0x0800e1b6   0x0800e1b6   0x00000002   PAD
    0x0800e1b8   0x0800e1b8   0x0000001c   Code   RO         3264    i.UART2SendByte     uart2.o
    0x0800e1d4   0x0800e1d4   0x00000050   Code   RO          599    i.UART_4GWrite      4gmain.o
    0x0800e224   0x0800e224   0x00000098   Code   RO          472    i.UART_Print_Init   at32_board.o
    0x0800e2bc   0x0800e2bc   0x00000054   Code   RO         3210    i.USART1_IRQHandler  uart1.o
    0x0800e310   0x0800e310   0x00000040   Code   RO         3211    i.USART1_RecvDispose  uart1.o
    0x0800e350   0x0800e350   0x00000054   Code   RO         3265    i.USART2_IRQHandler  uart2.o
    0x0800e3a4   0x0800e3a4   0x00000034   Code   RO         3266    i.USART2_RecvDispose  uart2.o
    0x0800e3d8   0x0800e3d8   0x00000054   Code   RO         2207    i.USART3_IRQHandler  485_1.o
    0x0800e42c   0x0800e42c   0x00000034   Code   RO         2208    i.USART3_RecvDispose  485_1.o
    0x0800e460   0x0800e460   0x0000001e   Code   RO         7796    i.USART_ClearITPendingBit  at32f4xx_usart.o
    0x0800e47e   0x0800e47e   0x00000018   Code   RO         7799    i.USART_Cmd         at32f4xx_usart.o
    0x0800e496   0x0800e496   0x0000001a   Code   RO         7801    i.USART_GetFlagStatus  at32f4xx_usart.o
    0x0800e4b0   0x0800e4b0   0x00000054   Code   RO         7802    i.USART_GetITStatus  at32f4xx_usart.o
    0x0800e504   0x0800e504   0x0000004a   Code   RO         7804    i.USART_INTConfig   at32f4xx_usart.o
    0x0800e54e   0x0800e54e   0x00000002   PAD
    0x0800e550   0x0800e550   0x000000e8   Code   RO         7805    i.USART_Init        at32f4xx_usart.o
    0x0800e638   0x0800e638   0x0000000a   Code   RO         7810    i.USART_ReceiveData  at32f4xx_usart.o
    0x0800e642   0x0800e642   0x00000008   Code   RO         7814    i.USART_SendData    at32f4xx_usart.o
    0x0800e64a   0x0800e64a   0x00000018   Code   RO         7820    i.USART_StructInit  at32f4xx_usart.o
    0x0800e662   0x0800e662   0x00000002   PAD
    0x0800e664   0x0800e664   0x00000074   Code   RO         3915    i.Unlock_Transactionrecord  dwin_com_pro.o
    0x0800e6d8   0x0800e6d8   0x000001b8   Code   RO         4464    i.Unlock_settlement  read_nuid.o
    0x0800e890   0x0800e890   0x00000050   Code   RO         3916    i.Unlock_settlementrecord  dwin_com_pro.o
    0x0800e8e0   0x0800e8e0   0x00000004   Code   RO           18    i.UsageFault_Handler  at32f4xx_it.o
    0x0800e8e4   0x0800e8e4   0x0000005c   Code   RO         3917    i.WriterFmBill      dwin_com_pro.o
    0x0800e940   0x0800e940   0x000000e8   Code   RO          972    i.ZF_RecvHearAck    hyframe.o
    0x0800ea28   0x0800ea28   0x000000ec   Code   RO          973    i.ZF_RecvRegisterAck  hyframe.o
    0x0800eb14   0x0800eb14   0x0000026c   Code   RO         1566    i.ZF_SendBill       zfframe.o
    0x0800ed80   0x0800ed80   0x000001fc   Code   RO         1567    i.ZF_SendDevState   zfframe.o
    0x0800ef7c   0x0800ef7c   0x000000c0   Code   RO         1568    i.ZF_SendFrameDispose  zfframe.o
    0x0800f03c   0x0800f03c   0x00000064   Code   RO         1569    i.ZF_SendHear       zfframe.o
    0x0800f0a0   0x0800f0a0   0x0000009c   Code   RO         1570    i.ZF_SendRegister   zfframe.o
    0x0800f13c   0x0800f13c   0x00000040   Code   RO         1571    i.ZF_SendStartCharge  zfframe.o
    0x0800f17c   0x0800f17c   0x0000003c   Code   RO         3918    i.Zf_Timer_Set      dwin_com_pro.o
    0x0800f1b8   0x0800f1b8   0x00000014   Code   RO          600    i._4G_GetStartType  4gmain.o
    0x0800f1cc   0x0800f1cc   0x00000010   Code   RO          601    i._4G_RecvFrameDispose  4gmain.o
    0x0800f1dc   0x0800f1dc   0x00000016   Code   RO          602    i._4G_SendBill      4gmain.o
    0x0800f1f2   0x0800f1f2   0x0000000e   Code   RO          603    i._4G_SendCardInfo  4gmain.o
    0x0800f200   0x0800f200   0x00000006   Code   RO          604    i._4G_SendCardVinCharge  4gmain.o
    0x0800f206   0x0800f206   0x0000000e   Code   RO          605    i._4G_SendDevState  4gmain.o
    0x0800f214   0x0800f214   0x0000000a   Code   RO          606    i._4G_SendFrameDispose  4gmain.o
    0x0800f21e   0x0800f21e   0x00000004   Code   RO          607    i._4G_SendQueryRate  4gmain.o
    0x0800f222   0x0800f222   0x0000000e   Code   RO          608    i._4G_SendRateAck   4gmain.o
    0x0800f230   0x0800f230   0x00000004   Code   RO          609    i._4G_SendRateMode  4gmain.o
    0x0800f234   0x0800f234   0x00000004   Code   RO          610    i._4G_SendSetTimeAck  4gmain.o
    0x0800f238   0x0800f238   0x0000000e   Code   RO          611    i._4G_SendStartAck  4gmain.o
    0x0800f246   0x0800f246   0x0000000e   Code   RO          612    i._4G_SendStopAck   4gmain.o
    0x0800f254   0x0800f254   0x00000006   Code   RO          613    i._4G_SendVinInfo   4gmain.o
    0x0800f25a   0x0800f25a   0x0000001e   Code   RO          614    i._4G_SetStartType  4gmain.o
    0x0800f278   0x0800f278   0x00000028   Code   RO          974    i._HY_RestUpdataData  hyframe.o
    0x0800f2a0   0x0800f2a0   0x00000012   Code   RO         2700    i._RC522_delay_ns   rc522.o
    0x0800f2b2   0x0800f2b2   0x00000002   PAD
    0x0800f2b4   0x0800f2b4   0x00000020   Code   RO        10758    i.__0printf$8       mc_w.l(printf8.o)
    0x0800f2d4   0x0800f2d4   0x00000034   Code   RO        10759    i.__0snprintf$8     mc_w.l(printf8.o)
    0x0800f308   0x0800f308   0x00000008   Code   RO        10870    i.__aeabi_errno_addr  mc_w.l(errno.o)
    0x0800f310   0x0800f310   0x0000000e   Code   RO        10924    i.__scatterload_copy  mc_w.l(handlers.o)
    0x0800f31e   0x0800f31e   0x00000002   Code   RO        10925    i.__scatterload_null  mc_w.l(handlers.o)
    0x0800f320   0x0800f320   0x0000000e   Code   RO        10926    i.__scatterload_zeroinit  mc_w.l(handlers.o)
    0x0800f32e   0x0800f32e   0x00000002   PAD
    0x0800f330   0x0800f330   0x00000404   Code   RO        10765    i._printf_core      mc_w.l(printf8.o)
    0x0800f734   0x0800f734   0x00000024   Code   RO        10766    i._printf_post_padding  mc_w.l(printf8.o)
    0x0800f758   0x0800f758   0x0000002e   Code   RO        10767    i._printf_pre_padding  mc_w.l(printf8.o)
    0x0800f786   0x0800f786   0x00000016   Code   RO        10768    i._snputc           mc_w.l(printf8.o)
    0x0800f79c   0x0800f79c   0x000000e8   Code   RO         2261    i.adc_init          adc.o
    0x0800f884   0x0800f884   0x00000038   Code   RO         4465    i.app_read_nuid     read_nuid.o
    0x0800f8bc   0x0800f8bc   0x0000005c   Code   RO         1671    i.ch_charging       chproc.o
    0x0800f918   0x0800f918   0x0000005e   Code   RO         1672    i.ch_cplt_func      chproc.o
    0x0800f976   0x0800f976   0x00000002   PAD
    0x0800f978   0x0800f978   0x0000002c   Code   RO         1673    i.ch_ctl_disable    chproc.o
    0x0800f9a4   0x0800f9a4   0x0000002c   Code   RO         1674    i.ch_ctl_enable     chproc.o
    0x0800f9d0   0x0800f9d0   0x000000b8   Code   RO         1894    i.ch_cycle_get_8112  chtask.o
    0x0800fa88   0x0800fa88   0x00000058   Code   RO         1676    i.ch_fault_proc     chproc.o
    0x0800fae0   0x0800fae0   0x00000098   Code   RO         1895    i.ch_from_ctl_msg   chtask.o
    0x0800fb78   0x0800fb78   0x00000098   Code   RO         1896    i.ch_get_cp_state_info  chtask.o
    0x0800fc10   0x0800fc10   0x00000104   Code   RO         2005    i.ch_get_cp_volt    cp.o
    0x0800fd14   0x0800fd14   0x000000ec   Code   RO         1677    i.ch_info_update    chproc.o
    0x0800fe00   0x0800fe00   0x00000080   Code   RO         1678    i.ch_insert_proc    chproc.o
    0x0800fe80   0x0800fe80   0x00000074   Code   RO         1679    i.ch_is_cp_off      chproc.o
    0x0800fef4   0x0800fef4   0x00000082   Code   RO         1680    i.ch_is_end_condition  chproc.o
    0x0800ff76   0x0800ff76   0x0000000e   Code   RO         1681    i.ch_is_fault       chproc.o
    0x0800ff84   0x0800ff84   0x0000002c   Code   RO         1682    i.ch_is_insert      chproc.o
    0x0800ffb0   0x0800ffb0   0x00000084   Code   RO         1684    i.ch_is_low_current_9V  chproc.o
    0x08010034   0x08010034   0x000000bc   Code   RO         1685    i.ch_is_over_current  chproc.o
    0x080100f0   0x080100f0   0x000000bc   Code   RO         1686    i.ch_is_over_volt   chproc.o
    0x080101ac   0x080101ac   0x00000074   Code   RO         1687    i.ch_is_start       chproc.o
    0x08010220   0x08010220   0x00000154   Code   RO         1688    i.ch_is_stp         chproc.o
    0x08010374   0x08010374   0x00000084   Code   RO         1689    i.ch_is_under_cp9v  chproc.o
    0x080103f8   0x080103f8   0x000000bc   Code   RO         1690    i.ch_is_under_volt  chproc.o
    0x080104b4   0x080104b4   0x00000018   Code   RO         1691    i.ch_jump_new_stat  chproc.o
    0x080104cc   0x080104cc   0x00000058   Code   RO         1692    i.ch_loop_proc      chproc.o
    0x08010524   0x08010524   0x00000074   Code   RO         1897    i.ch_msg_proc       chtask.o
    0x08010598   0x08010598   0x00000024   Code   RO         1693    i.ch_precharge      chproc.o
    0x080105bc   0x080105bc   0x00000084   Code   RO         1694    i.ch_standy_proc    chproc.o
    0x08010640   0x08010640   0x00000098   Code   RO         1695    i.ch_start_func     chproc.o
    0x080106d8   0x080106d8   0x00000032   Code   RO         1696    i.ch_stop_func      chproc.o
    0x0801070a   0x0801070a   0x00000002   PAD
    0x0801070c   0x0801070c   0x00000014   Code   RO         1898    i.ch_task_cycle_proc  chtask.o
    0x08010720   0x08010720   0x00000058   Code   RO         1899    i.ch_task_init      chtask.o
    0x08010778   0x08010778   0x00000018   Code   RO         1900    i.ch_task_tcu_msg_proc  chtask.o
    0x08010790   0x08010790   0x00000068   Code   RO         1697    i.ch_wait_car_ready  chproc.o
    0x080107f8   0x080107f8   0x00000030   Code   RO         1901    i.ch_wait_msg       chtask.o
    0x08010828   0x08010828   0x0000000e   Code   RO         1698    i.ch_wait_stop      chproc.o
    0x08010836   0x08010836   0x0000000c   Code   RO         1699    i.cp_pwm_ch_puls    chproc.o
    0x08010842   0x08010842   0x0000000a   Code   RO         1700    i.cp_pwm_full       chproc.o
    0x0801084c   0x0801084c   0x00000070   Code   RO         2302    i.delay_init        delay.o
    0x080108bc   0x080108bc   0x00000050   Code   RO         2303    i.delay_m           delay.o
    0x0801090c   0x0801090c   0x0000000a   Code   RO         2304    i.delay_osschedlock  delay.o
    0x08010916   0x08010916   0x0000000a   Code   RO         2305    i.delay_osschedunlock  delay.o
    0x08010920   0x08010920   0x00000010   Code   RO         2306    i.delay_ostimedly   delay.o
    0x08010930   0x08010930   0x00000058   Code   RO         2307    i.delay_u           delay.o
    0x08010988   0x08010988   0x000002fc   Code   RO         3919    i.dwin_show         dwin_com_pro.o
    0x08010c84   0x08010c84   0x000000b0   Code   RO         3920    i.dwin_show_record  dwin_com_pro.o
    0x08010d34   0x08010d34   0x000002c0   Code   RO         3921    i.dwin_show_state   dwin_com_pro.o
    0x08010ff4   0x08010ff4   0x00000124   Code   RO         1701    i.electricity_err   chproc.o
    0x08011118   0x08011118   0x000000cc   Code   RO         2409    i.ertc              ertc.o
    0x080111e4   0x080111e4   0x00000050   Code   RO         4591    i.fal_partition_read  flashdispos.o
    0x08011234   0x08011234   0x00000050   Code   RO         4592    i.fal_partition_write  flashdispos.o
    0x08011284   0x08011284   0x000002f8   Code   RO         3922    i.flash_para_init   dwin_com_pro.o
    0x0801157c   0x0801157c   0x00000024   Code   RO          474    i.fputc             at32_board.o
    0x080115a0   0x080115a0   0x0000001c   Code   RO          975    i.get_crc_Data      hyframe.o
    0x080115bc   0x080115bc   0x000001dc   Code   RO         1702    i.get_q_money       chproc.o
    0x08011798   0x08011798   0x0000004c   Code   RO         3923    i.get_reset_curcharge  dwin_com_pro.o
    0x080117e4   0x080117e4   0x0000008c   Code   RO         1902    i.io_input_period   chtask.o
    0x08011870   0x08011870   0x00000024   Code   RO         3925    i.judge_rete_info   dwin_com_pro.o
    0x08011894   0x08011894   0x00000064   Code   RO          282    i.main              main.o
    0x080118f8   0x080118f8   0x00000038   Code   RO         4466    i.mode5             read_nuid.o
    0x08011930   0x08011930   0x00000054   Code   RO         1703    i.money_not_enough  chproc.o
    0x08011984   0x08011984   0x00000020   Code   RO         2062    i.mq_service_485Uart_send_recv  mq_service.o
    0x080119a4   0x080119a4   0x00000020   Code   RO         2063    i.mq_service_4GUart_send_recv  mq_service.o
    0x080119c4   0x080119c4   0x00000020   Code   RO         2064    i.mq_service_card_send_disp  mq_service.o
    0x080119e4   0x080119e4   0x00000020   Code   RO         2065    i.mq_service_ch_send_dip  mq_service.o
    0x08011a04   0x08011a04   0x00000020   Code   RO         2066    i.mq_service_dwinrecv_send_disp  mq_service.o
    0x08011a24   0x08011a24   0x00000044   Code   RO         2067    i.mq_service_moduleid_exist  mq_service.o
    0x08011a68   0x08011a68   0x00000072   Code   RO         2068    i.mq_service_recv_msg  mq_service.o
    0x08011ada   0x08011ada   0x00000002   PAD
    0x08011adc   0x08011adc   0x0000020c   Code   RO         2069    i.mq_service_send_msg  mq_service.o
    0x08011ce8   0x08011ce8   0x00000020   Code   RO         2070    i.mq_service_send_to_4gsend  mq_service.o
    0x08011d08   0x08011d08   0x00000024   Code   RO         2071    i.mq_service_xxx_send_msg_to_chtask  mq_service.o
    0x08011d2c   0x08011d2c   0x00000064   Code   RO         3926    i.passwordmodify    dwin_com_pro.o
    0x08011d90   0x08011d90   0x000000fc   Code   RO         4468    i.read_card_money   read_nuid.o
    0x08011e8c   0x08011e8c   0x0000006c   Code   RO         4469    i.read_card_type    read_nuid.o
    0x08011ef8   0x08011ef8   0x00000030   Code   RO         4470    i.read_lock_state   read_nuid.o
    0x08011f28   0x08011f28   0x000000dc   Code   RO         3927    i.rest_charge_dispose  dwin_com_pro.o
    0x08012004   0x08012004   0x00000050   Code   RO         3928    i.rt_dwin_period_entry  dwin_com_pro.o
    0x08012054   0x08012054   0x00000254   Code   RO         3929    i.rt_dwin_state_dispose  dwin_com_pro.o
    0x080122a8   0x080122a8   0x00000042   Code   RO         3930    i.send_ch_ctl_msg   dwin_com_pro.o
    0x080122ea   0x080122ea   0x00000026   Code   RO         4471    i.set_CardMCUID     read_nuid.o
    0x08012310   0x08012310   0x00000048   Code   RO         2410    i.set_date          ertc.o
    0x08012358   0x08012358   0x00000044   Code   RO         2411    i.set_time          ertc.o
    0x0801239c   0x0801239c   0x0000002c   Code   RO         4473    i.show_Notcalculated  read_nuid.o
    0x080123c8   0x080123c8   0x0000003c   Code   RO         4271    i.simulation_Print  dwinprotocol.o
    0x08012404   0x08012404   0x00000164   Code   RO         4474    i.slotcard_state    read_nuid.o
    0x08012568   0x08012568   0x000003cc   Code   RO         4475    i.start_change_card  read_nuid.o
    0x08012934   0x08012934   0x000001c4   Code   RO         4476    i.startchargUnlock  read_nuid.o
    0x08012af8   0x08012af8   0x000001c8   Code   RO         4477    i.stop_change_card  read_nuid.o
    0x08012cc0   0x08012cc0   0x000000a4   Code   RO         1628    i.time              ch_port.o
    0x08012d64   0x08012d64   0x000000f6   Code   RO         3931    i.timeSert          dwin_com_pro.o
    0x08012e5a   0x08012e5a   0x00000002   PAD
    0x08012e5c   0x08012e5c   0x0000002c   Code   RO         1629    i.time_cal_day      ch_port.o
    0x08012e88   0x08012e88   0x00000108   Code   RO         3121    i.uart_recvdispose  timer.o
    0x08012f90   0x08012f90   0x00000044   Code   RO         4478    i.writer_lock_state  read_nuid.o
    0x08012fd4   0x08012fd4   0x00000010   Data   RO          977    .constdata          hyframe.o
    0x08012fe4   0x08012fe4   0x000000b0   Data   RO         1254    .constdata          modulea7680c.o
    0x08013094   0x08013094   0x00000013   Data   RO         1630    .constdata          ch_port.o
    0x080130a7   0x080130a7   0x00000001   PAD
    0x080130a8   0x080130a8   0x000001d4   Data   RO         3841    .constdata          dispshowstatus.o
    0x0801327c   0x0801327c   0x00000088   Data   RO         3933    .constdata          dwin_com_pro.o
    0x08013304   0x08013304   0x0000009c   Data   RO         4593    .constdata          flashdispos.o
    0x080133a0   0x080133a0   0x00000010   Data   RO         6625    .constdata          at32f4xx_rcc.o
    0x080133b0   0x080133b0   0x00000094   Data   RO         8591    .constdata          os_cfg_app.o
    0x08013444   0x08013444   0x00000168   Data   RO         8829    .constdata          os_dbg.o
    0x080135ac   0x080135ac   0x00000081   Data   RO        10891    .constdata          mc_w.l(ctype_o.o)
    0x0801362d   0x0801362d   0x00000003   PAD
    0x08013630   0x08013630   0x00000004   Data   RO        10892    .constdata          mc_w.l(ctype_o.o)
    0x08013634   0x08013634   0x00000137   Data   RO         1255    .conststring        modulea7680c.o
    0x0801376b   0x0801376b   0x00000001   PAD
    0x0801376c   0x0801376c   0x0000015d   Data   RO         3842    .conststring        dispshowstatus.o
    0x080138c9   0x080138c9   0x00000003   PAD
    0x080138cc   0x080138cc   0x00000020   Data   RO        10922    Region$$Table       anon$$obj.o


    Execution Region RW_IRAM1 (Exec base: 0x20000000, Load base: 0x080138ec, Size: 0x00007e28, Max: 0x00008000, ABSOLUTE, COMPRESSED[0x00000200])

    Exec Addr    Load Addr    Size         Type   Attr      Idx    E Section Name        Object

    0x20000000   COMPRESSED   0x00000041   Data   RW          284    .data               main.o
    0x20000041   COMPRESSED   0x00000003   PAD
    0x20000044   COMPRESSED   0x00000014   Data   RW          413    .data               system_at32f4xx.o
    0x20000058   COMPRESSED   0x00000049   Data   RW          475    .data               at32_board.o
    0x200000a1   COMPRESSED   0x00000003   PAD
    0x200000a4   COMPRESSED   0x0000005c   Data   RW          616    .data               4gmain.o
    0x20000100   COMPRESSED   0x00000024   Data   RW          837    .data               4grecv.o
    0x20000124   COMPRESSED   0x00000008   Data   RW          878    .data               4gsend.o
    0x2000012c   COMPRESSED   0x00000058   Data   RW          978    .data               hyframe.o
    0x20000184   COMPRESSED   0x00000018   Data   RW         1256    .data               modulea7680c.o
    0x2000019c   COMPRESSED   0x00000030   Data   RW         1573    .data               zfframe.o
    0x200001cc   COMPRESSED   0x00000020   Data   RW         1704    .data               chproc.o
    0x200001ec   COMPRESSED   0x00000034   Data   RW         1904    .data               chtask.o
    0x20000220   COMPRESSED   0x00000002   Data   RW         2073    .data               mq_service.o
    0x20000222   COMPRESSED   0x00000004   Data   RW         2308    .data               delay.o
    0x20000226   COMPRESSED   0x00000002   PAD
    0x20000228   COMPRESSED   0x0000001c   Data   RW         2413    .data               ertc.o
    0x20000244   COMPRESSED   0x000000b9   Data   RW         2510    .data               hlw8112-spi.o
    0x200002fd   COMPRESSED   0x00000006   Data   RW         2701    .data               rc522.o
    0x20000303   COMPRESSED   0x00000001   PAD
    0x20000304   COMPRESSED   0x00000005   Data   RW         2890    .data               spi_flash.o
    0x20000309   COMPRESSED   0x00000001   PAD
    0x2000030a   COMPRESSED   0x00000007   Data   RW         3123    .data               timer.o
    0x20000311   COMPRESSED   0x00000003   PAD
    0x20000314   COMPRESSED   0x0000000c   Data   RW         3356    .data               dispkey.o
    0x20000320   COMPRESSED   0x00000004   Data   RW         3620    .data               dispkeyfunction.o
    0x20000324   COMPRESSED   0x0000003b   Data   RW         3934    .data               dwin_com_pro.o
    0x2000035f   COMPRESSED   0x00000001   PAD
    0x20000360   COMPRESSED   0x000002e4   Data   RW         4443    .data               menudisp .o
    0x20000644   COMPRESSED   0x0000000c   Data   RW         4480    .data               read_nuid.o
    0x20000650   COMPRESSED   0x00000004   Data   RW         8114    .data               os_cpu_c.o
    0x20000654   COMPRESSED   0x00000008   Data   RW         9075    .data               os_prio.o
    0x2000065c   COMPRESSED   0x000000c4   Data   RW         9633    .data               os_var.o
    0x20000720   COMPRESSED   0x00000004   Data   RW        10372    .data               cpu_core.o
    0x20000724   COMPRESSED   0x00000004   Data   RW        10544    .data               mc_w.l(strtok.o)
    0x20000728   COMPRESSED   0x00000004   Data   RW        10873    .data               mc_w.l(errno.o)
    0x2000072c        -       0x000000cc   Zero   RW           19    .bss                at32f4xx_it.o
    0x200007f8        -       0x000026a8   Zero   RW          283    .bss                main.o
    0x20002ea0        -       0x0000014b   Zero   RW          615    .bss                4gmain.o
    0x20002feb   COMPRESSED   0x00000001   PAD
    0x20002fec        -       0x000004de   Zero   RW          836    .bss                4grecv.o
    0x200034ca   COMPRESSED   0x00000002   PAD
    0x200034cc        -       0x00000292   Zero   RW          877    .bss                4gsend.o
    0x2000375e        -       0x00000688   Zero   RW          976    .bss                hyframe.o
    0x20003de6        -       0x00000011   Zero   RW         1253    .bss                modulea7680c.o
    0x20003df7   COMPRESSED   0x00000001   PAD
    0x20003df8        -       0x000002d4   Zero   RW         1903    .bss                chtask.o
    0x200040cc        -       0x00000190   Zero   RW         2006    .bss                cp.o
    0x2000425c        -       0x0000072c   Zero   RW         2072    .bss                mq_service.o
    0x20004988        -       0x000000a4   Zero   RW         2146    .bss                dlt645_port.o
    0x20004a2c        -       0x00000038   Zero   RW         2209    .bss                485_1.o
    0x20004a64        -       0x0000011c   Zero   RW         2262    .bss                adc.o
    0x20004b80        -       0x0000000c   Zero   RW         2412    .bss                ertc.o
    0x20004b8c        -       0x00001000   Zero   RW         2889    .bss                spi_flash.o
    0x20005b8c        -       0x00000024   Zero   RW         3122    .bss                timer.o
    0x20005bb0        -       0x0000018c   Zero   RW         3212    .bss                uart1.o
    0x20005d3c        -       0x00000038   Zero   RW         3267    .bss                uart2.o
    0x20005d74        -       0x0000082e   Zero   RW         3932    .bss                dwin_com_pro.o
    0x200065a2        -       0x000000c9   Zero   RW         4272    .bss                dwinprotocol.o
    0x2000666b   COMPRESSED   0x00000001   PAD
    0x2000666c        -       0x00000074   Zero   RW         4479    .bss                read_nuid.o
    0x200066e0        -       0x00000d20   Zero   RW         8590    .bss                os_cfg_app.o
    0x20007400        -       0x00000618   Zero   RW         9632    .bss                os_var.o
    0x20007a18        -       0x00000010   Zero   RW        10370    .bss                cpu_core.o
    0x20007a28        -       0x00000400   Zero   RW            1    STACK               startup_at32f415cbt7.o


==============================================================================

Image component sizes


      Code (inc. data)   RO Data    RW Data    ZI Data      Debug   Object Name

       136         14          0          0         56       3262   485_1.o
      1182         98          0         92        331      24361   4gmain.o
       752         92          0         36       1246       4532   4grecv.o
       788         96          0          8        658       2871   4gsend.o
       298         26          0          0        284       2168   adc.o
       188         14          0         73          0       4081   at32_board.o
       408         10          0          0          0       7911   at32f4xx_adc.o
       442          8          0          0          0       4059   at32f4xx_dma.o
      1110         76          0          0          0       9117   at32f4xx_ertc.o
       148          6          0          0          0        984   at32f4xx_exti.o
      1332         16          0          0          0       5605   at32f4xx_gpio.o
       128          6          0          0        204     388375   at32f4xx_it.o
        68         30          0          0          0       2447   at32f4xx_iwdg.o
        12          6          0          0          0        511   at32f4xx_pwr.o
      1220        140         16          0          0       9234   at32f4xx_rcc.o
       324         20          0          0          0       4046   at32f4xx_tim.o
       512          6          0          0          0       7355   at32f4xx_usart.o
        92         14          0          0          0       1997   bsp.o
       208          8         19          0          0       2218   ch_port.o
      3788        382          0         32          0      20119   chproc.o
      1308        276          0         52        724      11636   chtask.o
       354         20          0          0        400       2646   cp.o
        52          0          0          0          0        344   cpu_a.o
       100         18          0          4         16       4365   cpu_core.o
       380         40          0          4          0       3699   delay.o
       484         28          0          0          0      32171   device.o
      2570        348          0         12          0      20399   dispkey.o
       158         14          0          4          0      16888   dispkeyfunction.o
       288         18        817          0          0       3079   dispshowstatus.o
         0          0          0          0        164       3012   dlt645_port.o
     12466       1626        136         59       2094      47624   dwin_com_pro.o
       688         20          0          0        201       9399   dwinprotocol.o
       710        186          0         28         12       4714   ertc.o
       160         12        156          0          0       2184   flashdispos.o
      2876        700          0        185          0      11356   hlw8112-spi.o
      4424        574         16         88       1672      24127   hyframe.o
       102          0          0          0          0       1780   lib_mem.o
      1544        384          0         65       9896      20862   main.o
         0          0          0        740          0       1442   menudisp .o
       172         22          0          0          0       2065   misc.o
      6310       1436        487         24         17      37581   modulea7680c.o
       934         54          0          2       1836       8370   mq_service.o
         2          0        148          0       3360      19263   os_cfg_app.o
      2578        362          0          0          0      18334   os_core.o
       152         32          0          0          0        400   os_cpu_a.o
       552         60          0          4          0       7333   os_cpu_c.o
       424        278        360          0          0       4721   os_dbg.o
        24         10          0          0          0        858   os_flag.o
        24         10          0          0          0        861   os_mem.o
       570         32          0          0          0       4054   os_msg.o
      1172         78          0          0          0       4412   os_mutex.o
       136         16          0          8          0       2758   os_prio.o
      1018         56          0          0          0       5463   os_q.o
        24         10          0          0          0        853   os_sem.o
      1484        190          0          0          0       3835   os_stat.o
      2958        168          0          0          0      12369   os_task.o
      1088         92          0          0          0       6066   os_tick.o
       304         36          0          0          0       2233   os_time.o
       570        142          0          0          0       3867   os_tmr.o
         0          0          0        196       1560      17880   os_var.o
      2426         60          0          6          0      17404   rc522.o
      3910        390          0         12        116      14586   read_nuid.o
      1318        104          0          5       4096       9567   spi_flash.o
        36          8        368          0       1024        872   startup_at32f415cbt7.o
       448         52          0         20          0       2135   system_at32f4xx.o
       828         90          0          7         36      12915   timer.o
       370         30          0          0        396       5219   uart1.o
       354         30          0          0         56       5217   uart2.o
      1640         96          0         48          0       4873   zfframe.o

    ----------------------------------------------------------------------
     73700       9276       2560       1828      30460     963344   Object Totals
         0          0         32          0          0          0   (incl. Generated)
        74          0          5         14          5          0   (incl. Padding)

    ----------------------------------------------------------------------

      Code (inc. data)   RO Data    RW Data    ZI Data      Debug   Library Member Name

        86          0          0          0          0          0   __dczerorl2.o
        28          0          0          0          0         68   _chval.o
       158          0          0          0          0         92   _strtoul.o
        26          0          0          0          0         80   atoi.o
         8          4        133          0          0         68   ctype_o.o
         0          0          0          0          0          0   entry.o
         0          0          0          0          0          0   entry10a.o
         0          0          0          0          0          0   entry11a.o
         4          0          0          0          0          0   entry12b.o
         8          4          0          0          0          0   entry2.o
         4          0          0          0          0          0   entry5.o
         0          0          0          0          0          0   entry7b.o
         0          0          0          0          0          0   entry8b.o
         8          4          0          0          0          0   entry9a.o
         8          4          0          4          0         68   errno.o
        30          0          0          0          0          0   handlers.o
        36          8          0          0          0         68   init.o
         0          0          0          0          0          0   iusefp.o
        30          0          0          0          0         68   llshl.o
        36          0          0          0          0         68   llsshr.o
        32          0          0          0          0         68   llushr.o
        36          0          0          0          0         68   memcpya.o
        36          0          0          0          0        108   memseta.o
      1216         58          0          0          0        508   printf8.o
        14          0          0          0          0         68   strlen.o
        30          0          0          0          0         80   strncmp.o
        36          0          0          0          0         80   strstr.o
        68          6          0          4          0         80   strtok.o
       112          0          0          0          0         88   strtol.o
        98          0          0          0          0         92   uldiv.o
        48          0          0          0          0         68   cdcmple.o
        48          0          0          0          0         68   cdrcmple.o
        20          0          0          0          0         68   cfcmple.o
        20          0          0          0          0         68   cfrcmple.o
       334          0          0          0          0        148   dadd.o
       186          0          0          0          0        176   depilogue.o
        50          0          0          0          0         76   dfixui.o
        26          0          0          0          0         76   dfltui.o
       228          0          0          0          0         96   dmul.o
        38          0          0          0          0         68   f2d.o
       176          0          0          0          0        140   fadd.o
       124          0          0          0          0         88   fdiv.o
       110          0          0          0          0        168   fepilogue.o
        40          0          0          0          0         68   ffixui.o
        10          0          0          0          0         68   ffltui.o
       100          0          0          0          0         76   fmul.o

    ----------------------------------------------------------------------
      3712         88        136          8          0       3340   Library Totals
         6          0          3          0          0          0   (incl. Padding)

    ----------------------------------------------------------------------

      Code (inc. data)   RO Data    RW Data    ZI Data      Debug   Library Name

      2148         88        133          8          0       1820   mc_w.l
      1558          0          0          0          0       1520   mf_w.l

    ----------------------------------------------------------------------
      3712         88        136          8          0       3340   Library Totals

    ----------------------------------------------------------------------

==============================================================================


      Code (inc. data)   RO Data    RW Data    ZI Data      Debug   

     77412       9364       2696       1836      30460     932804   Grand Totals
     77412       9364       2696        512      30460     932804   ELF Image Totals (compressed)
     77412       9364       2696        512          0          0   ROM Totals

==============================================================================

    Total RO  Size (Code + RO Data)                80108 (  78.23kB)
    Total RW  Size (RW Data + ZI Data)             32296 (  31.54kB)
    Total ROM Size (Code + RO Data + RW Data)      80620 (  78.73kB)

==============================================================================

